
=== attributed-stamp-commit.test.js ===
  ok: commitStamp reports success
  ok: committed left cell ink
  ok: committed left cell paper
  ok: committed right cell ink
  ok: committed right cell paper
  ok: committed right cell bright
  ok: stamp layer removed after commit
  ok: stampAt bakes left cell ink
  ok: stampAt bakes right cell paper
  ok: stampAt does not remove the stamp layer (repeatable placement)

ALL CHECKS PASSED

=== attributed-stamp-model.test.js ===
  ok: floating paste created
  ok: attrs stored
  ok: indices absent on an attrs stamp
  ok: moveFloatingPaste snaps x to a multiple of 8
  ok: moveFloatingPaste snaps y to a multiple of 8
  ok: snap rounds down (11 -> 8)
  ok: snap rounds down (13 -> 8)
  ok: a plain stamp is not cell-snapped
  ok: setStampScale is a no-op on an attrs stamp
  ok: setStampRotation is a no-op on an attrs stamp
  ok: transformStamp shape-change is a no-op on an attrs stamp
  ok: transformStamp shift still repositions an attrs stamp
  ok: attrs persisted on layer.stamp

ALL CHECKS PASSED

=== attributed-stamp-render.test.js ===
  ok: left cell ink from attrs
  ok: left cell paper from attrs (not inherited 5)
  ok: left cell bright from attrs
  ok: right cell ink from attrs
  ok: right cell paper from attrs (not inherited 5)
  ok: right cell bright from attrs
  ok: left cell pixels fully set
  ok: right cell pixels fully set

ALL CHECKS PASSED

=== bezier-raster.test.js ===
  ok: quadratic: start anchor included
  ok: quadratic: end anchor included
  ok: quadratic: 8-connected
  ok: quadratic: apex reaches the midpoint height (t=0.5 -> y=60)
  ok: quadratic: curve pulls toward the control (above the chord)
  ok: quadratic: no duplicate pixels
  ok: quadratic: symmetric about the control x
  ok: collinear control: exactly the Bresenham diagonal
  ok: degenerate: all points coincident -> single pixel
  ok: degenerate cubic: coincident anchor/control pairs -> still spans the chord
  ok: cubic: both anchors included
  ok: cubic: 8-connected
  ok: cubic: S-curve crosses above AND below the chord
  ok: cubic: no duplicate pixels
  ok: thickness: 4px curve has more pixels than 1px
  ok: thickness: thick curve covers the thin spine
  ok: thickness: no duplicate pixels after dilation

ALL CHECKS PASSED

=== border-color.test.js ===
  ok: default border is 0
  ok: setBorder stores value
  ok: setBorder emits COLOR_BORDER
  ok: setting same value does not re-emit
  ok: setBorder clamps high
  ok: setBorder clamps low

ALL CHECKS PASSED

=== browser-fsa-provider.test.js ===
  ok: base class methods are abstract
  ok: BrowserFSAProvider extends FileAccessProvider
  ok: isAvailable() reflects File System Access API presence
  ok: chooseFolder('PixULA Backups') calls showDirectoryPicker with { mode: 'readwrite' } and no id
  ok: chooseFolder returns null on AbortError (real cancellation)
  ok: chooseFolder rethrows non-cancellation errors
ALL CHECKS PASSED

=== brush-shapes.test.js ===
  ok: disc: pixel count strictly increases across sizes 1..32
  ok: disc: no two sizes share a mask
  ok: disc: size 1 is exactly one pixel (the pencil)
  ok: disc: masks are size x size
  ok: disc: every mask is symmetric under both flips
  ok: disc: the mask fits inside its box (no clipped row or column)
  ok: disc: corners are cut for size >= 4
  ok: discOffsets: same cells as disc(), centred on floor(size/2)
  ok: square: solid size x size
  ok: boxOffsets: the whole box, centred
  ok: radiusFor: size 1 stays inside the rounding threshold (< 0.5)
  ok: radiusFor: grows by exactly half a pixel per step
  ok: weightExponent: 0 is the even (equal-area) exponent 0.5
  ok: weightExponent: +100 is the historical centre-heavy spray (1.0)
  ok: weightExponent: -100 biases to the rim (0.25)
  ok: weightExponent: out-of-range values clamp
  ok: scatterPoints: places exactly the requested particle count
  ok: scatterPoints: a count of 0 places nothing
  ok: scatterPoints: integer offsets only
  ok: scatterPoints: u = 0 lands on the centre for any weighting
  ok: scatterPoints: at a size-1 radius every particle is the centre pixel
  ok: weighting: -100 spreads wider than even (12.82 > 10.62)
  ok: weighting: +100 piles toward the centre (8.01 < 10.62)
  ok: weighting: even matches the uniform-disc mean radius 2R/3 (10.62 ~ 10.67)
  ok: scatterEnvelope: radius 0.25 contains every particle
  ok: scatterEnvelope: radius 0.75 contains every particle
  ok: scatterEnvelope: radius 4 contains every particle
  ok: scatterEnvelope: radius 8.75 contains every particle
  ok: scatterEnvelope: radius 16 contains every particle
  ok: scatterEnvelope: a sub-half-pixel radius is just the centre cell
  ok: scatterEnvelope: wider than the naive dx^2+dy^2 <= r^2 disc

ALL CHECKS PASSED

=== brush-size-one.test.js ===
  ok: 7 brush types are registered (got 7: round, square, crosshatch, spray, fade, pattern, hatch)
  ok: the merged spray replaced the duplicate stipple and Poisson brushes
  ok: brush round: size 1 writes exactly the pixel under the cursor
  ok: brush square: size 1 writes exactly the pixel under the cursor
  ok: brush crosshatch: size 1 writes exactly the pixel under the cursor
  ok: brush spray: size 1 writes exactly the pixel under the cursor
  ok: brush fade: size 1 writes exactly the pixel under the cursor
  ok: brush pattern: size 1 writes exactly the pixel under the cursor
  ok: brush hatch: size 1 writes exactly the pixel under the cursor
  ok: brush round: size 1 erase clears exactly the pixel under the cursor
  ok: brush square: size 1 erase clears exactly the pixel under the cursor
  ok: brush crosshatch: size 1 erase clears exactly the pixel under the cursor
  ok: brush spray: size 1 erase clears exactly the pixel under the cursor
  ok: brush fade: size 1 erase clears exactly the pixel under the cursor
  ok: brush pattern: size 1 erase clears exactly the pixel under the cursor
  ok: brush hatch: size 1 erase clears exactly the pixel under the cursor
  ok: brush round: 25 stamps at one spot stay on that spot
  ok: brush square: 25 stamps at one spot stay on that spot
  ok: brush crosshatch: 25 stamps at one spot stay on that spot
  ok: brush spray: 25 stamps at one spot stay on that spot
  ok: brush fade: 25 stamps at one spot stay on that spot
  ok: brush pattern: 25 stamps at one spot stay on that spot
  ok: brush hatch: 25 stamps at one spot stay on that spot
  ok: brush round: size-1 footprint is exactly the cursor pixel
  ok: brush square: size-1 footprint is exactly the cursor pixel
  ok: brush crosshatch: size-1 footprint is exactly the cursor pixel
  ok: brush spray: size-1 footprint is exactly the cursor pixel
  ok: brush fade: size-1 footprint is exactly the cursor pixel
  ok: brush pattern: size-1 footprint is exactly the cursor pixel
  ok: brush hatch: size-1 footprint is exactly the cursor pixel
  ok: brush spray: size 1 draws even at 1% flow
  ok: brush spray (poisson): size 1 draws exactly the cursor pixel at 1% flow
  ok: brush round: size 1 survives a feather-light pen (pressure 0.05)
  ok: brush square: size 1 survives a feather-light pen (pressure 0.05)
  ok: brush crosshatch: size 1 survives a feather-light pen (pressure 0.05)
  ok: brush spray: size 1 survives a feather-light pen (pressure 0.05)
  ok: brush fade: size 1 survives a feather-light pen (pressure 0.05)
  ok: brush pattern: size 1 survives a feather-light pen (pressure 0.05)
  ok: brush hatch: size 1 survives a feather-light pen (pressure 0.05)
  ok: eraser: size 1 clears exactly the pixel under the cursor
  ok: eraser: size-1 footprint is exactly the cursor pixel
  ok: brush round: size 2 is bigger than size 1 (4 px)
  ok: brush square: size 2 is bigger than size 1 (4 px)

ALL CHECKS PASSED

=== brush-variants.test.js ===
  ok: getTool('spray') resolves to the BrushTool instance
  ok: selectTool('spray') succeeds and pins BrushEngine to 'spray'
  ok: selectTool('spray') stores the variant id as the current tool
  ok: getTool('fade') resolves to the BrushTool instance
  ok: selectTool('fade') succeeds and pins BrushEngine to 'fade'
  ok: selectTool('fade') stores the variant id as the current tool
  ok: getTool('pattern') resolves to the BrushTool instance
  ok: selectTool('pattern') succeeds and pins BrushEngine to 'pattern'
  ok: selectTool('pattern') stores the variant id as the current tool
  ok: getTool('hatch') resolves to the BrushTool instance
  ok: selectTool('hatch') succeeds and pins BrushEngine to 'hatch'
  ok: selectTool('hatch') stores the variant id as the current tool
  ok: selecting Brush after a variant returns to a solid type
  ok: leaving square for a variant sets the engine to spray
  ok: returning to Brush restores the last solid (square, not round)
  ok: a variant type survives selection (ensureSolidBrush only fires for Brush)
  ok: 'spray' starts at its own default size 4 on first arrival
  ok: 'hatch' starts at its own default size 4 on first arrival
  ok: 'pattern' starts at its own default size 8 on first arrival
  ok: 'fade' starts at its own default size 3 on first arrival
  ok: switching back to Brush after sizing Spray keeps Brush's own size (the reported bug)
  ok: spray kept the size it was set to across the round trip
  ok: hatch is unaffected by spray's size change - still its own untouched default
  ok: pattern is unaffected too - still its own untouched default
  ok: round and square keep sharing ONE size - only the shape differs
  ok: the fade measure defaults to distance from the start point
  ok: the fade brush itself agrees with the schema
  ok: the menu lists the default first
  ok: TOOL_GROUPS lists 'spray' with an icon and an i18n label
  ok: TOOL_GROUPS lists 'fade' with an icon and an i18n label
  ok: TOOL_GROUPS lists 'pattern' with an icon and an i18n label
  ok: TOOL_GROUPS lists 'hatch' with an icon and an i18n label
  ok: every rail id is unique
  ok: 'fade' is not a registered tool (routed, not classed)
  ok: 'pattern' is not a registered tool (routed, not classed)
  ok: 'hatch' is not a registered tool (routed, not classed)
  ok: no duplicate keyboard shortcuts across the rail

ALL CHECKS PASSED

=== brush-xor-pixel.test.js ===
  ok: brush/xor_pixel: an overlapping stroke visibly cancels itself, unlike xor
  ok: brush/xor_pixel: a single non-overlapping stamp still draws

ALL CHECKS PASSED

=== brush-xor.test.js ===
  ok: brush/xor: stroke is continuous, not a row of stamps
  ok: brush/xor: re-XORing the same stroke erases it

ALL CHECKS PASSED

=== build-portable.test.js ===
  ok: entry filename is PixULA.html
build-portable: PixULA_Distilled/ refreshed
  ok: build() writes the renamed entry file
  ok: build() leaves no stale index.html behind
  ok: the built entry file is byte-identical to the source (only the filename differs)
  ok: css/ and js/ were copied

ALL CHECKS PASSED

=== clip-draw.test.js ===
  ok: state: guide mode set/get
  ok: state: guide mode takes the protect polarity
  ok: state: an invalid mode is coerced to off
  ok: guide off: isClipped is false everywhere
  ok: guide on but no selection: isClipped is false
  ok: guide on with no selection does not block drawing
  ok: rect guide: inside is not clipped
  ok: rect guide: outside is clipped
  ok: rect guide: just past the right edge is clipped
  ok: rect guide: last column inside is not clipped
  ok: rect guide: write inside lands
  ok: rect guide: write outside is dropped
  ok: mask guide: every cell agrees with mask[ry][rx]
  ok: mask guide: on-mask write lands
  ok: mask guide: off-mask write is dropped
  ok: brush stroke: ink landed inside the region
  ok: brush stroke: no ink escaped the region
  ok: suspendStrokeHooks: writes outside the region land
  ok: suspendMirror (historical name) exempts the guide too
  ok: options.clip === false exempts a single write
  ok: the exemption is not sticky (depth restored)
  ok: symmetry + guide: source outside the region is dropped
  ok: symmetry + guide: its mirror inside the region is drawn
  ok: protect: inside the region is now clipped
  ok: protect: outside the region is now free
  ok: protect: the region keeps its content
  ok: protect: everywhere else paints
  ok: inside and outside are exact complements
  ok: protect: an on-mask pixel is blocked
  ok: protect: an off-mask pixel inside the bbox is free

ALL CHECKS PASSED

=== clipboard-codec.test.js ===
  ok: round-trip 1x1
  ok: round-trip 7x3
  ok: round-trip 8x8
  ok: round-trip 13x21
  ok: round-trip 256x192 (full screen)
  ok: copy origin round-trips through encode/decode
  ok: an origin of exactly (0,0) is not mistaken for "missing"
  ok: a clipboard with no recorded origin decodes to (0,0), not undefined
  ok: full-screen payload is JSON-safe and within the size cap
  ok: payload is versioned
  ok: encode rejects null
  ok: encode rejects oversized clipboard
  ok: decode rejects unknown version
  ok: decode rejects corrupt base64
  ok: decode rejects bit-length mismatch
  ok: decode rejects malformed cells
  ok: decode rejects out-of-range cell coords
  ok: decode rejects non-object
  ok: persist writes to the CLIPBOARD store
  ok: restore returns true and repopulates the clipboard
  ok: restored clipboard equals the persisted one
  ok: restore with empty store returns false, clipboard stays empty

ALL CHECKS PASSED

=== clipboard-paste.test.js ===
  ok: flat white cell -> empty mask
  ok: mask dimensions match input
  ok: flat black cell -> solid ink
  ok: black square on white: 16 ink pixels
  ok: black square on white: correct placement
  ok: white stroke on black: the stroke is the ink
  ok: red-on-white: red pixels are the ink
  ok: two cells: dark cell solid, light cell empty
  ok: transparent pixels become paper, opaque black becomes ink
  ok: odd size: mask dimensions preserved
  ok: odd size: single dark pixel survives quantization
  ok: odd size: no phantom ink outside the dark pixel

ALL CHECKS PASSED

=== copy-cut-symmetry.test.js ===
  ok: Copy (copyOrCut(false)) reports success
  ok: Copy creates a floating stamp
  ok: Copy clears the selection afterward
  ok: Copy leaves the source pixels in place
  ok: Copy's stamp lands back at the selection origin
  ok: Copy's stamp can actually be committed/drawn with
  ok: Cut (copyOrCut(true)) reports success
  ok: Cut creates a floating stamp
  ok: Cut clears the selection afterward
  ok: Cut erases the source pixels
  ok: Cut's stamp lands back at the selection origin
  ok: Cut's stamp can actually be committed/drawn with
  ok: Copy with no selection returns false
  ok: Cut with no selection returns false

ALL CHECKS PASSED

=== core-draw.test.js ===
  ok: initialize creates background + drawing layer, current = layer 1
  ok: pixel bit set at (10,10)
  ok: cell ink = 2
  ok: cell paper = 6
  ok: cell marked altered
  ok: clash: cell ink replaced cell-wide (2 -> 5)
  ok: clash: cell paper replaced cell-wide (6 -> 0)
  ok: clash: first pixel bit still set
  ok: clash: second pixel bit set
  ok: setup: normal draw set ink=3, paper=1, bright, pixel
  ok: paper draw sets paper (-> 4)
  ok: paper draw leaves ink untouched (still 3)
  ok: paper draw does NOT clear the ink pixel
  ok: paper draw applies bright from selection (-> false)
  ok: paper draw applies flash from selection (-> true)
  ok: ink draw sets ink (-> 1)
  ok: ink draw leaves paper untouched (still 4)
  ok: ink draw does NOT clear the ink pixel
  ok: ink draw applies bright from selection (-> true)
  ok: ink draw applies flash from selection (-> false)
  ok: bright flag stored cell-wide
  ok: compose: ink pixel (10,10) renders palette colour 5
  ok: compose: ink pixel (11,10) renders palette colour 5
  ok: compose: paper pixel (8,8) renders palette colour 0
  ok: compose: bright ink (50,50) renders palette colour 1+8
  ok: compose: bright paper (48,48) renders palette colour 7+8
  ok: batch draw without UndoRedo present
  ok: out-of-bounds draw does not throw
  ok: erase clears the pixel bit

ALL CHECKS PASSED

=== dev-format.test.js ===
  ok: bin is 6144 bytes
  ok: bin content = bitmap section
  ok: atr is 768 bytes
  ok: atr content = attr section
  ok: asm has sanitized bitmap label
  ok: asm has attributes label
  ok: asm DEFB line count
  ok: asm emits 6912 bytes
  ok: asm first data byte is $00
  ok: c bitmap array header
  ok: c attributes array header
  ok: c emits 6912 bytes
  ok: c braces balanced
  ok: c arrays terminated
  ok: unknown extension throws
  ok: DevFormat.canExport delegates true
  ok: DevFormat.canExport delegates false

ALL CHECKS PASSED

=== erase-modes.test.js ===
  ok: left button sets the pixel
  ok: left button stamps all four attributes
  ok: the right button gets its own mode, not the ERASE primitive
  ok: right button clears the ink it passes over
  ok: right button leaves other ink in the cell alone
  ok: right button stamps all four attributes, exactly as the left does
  ok: right button keeps the cell altered
  ok: the ERASE primitive still clears the pixel
  ok: the ERASE primitive still writes NO attributes (selection/transform rely on it)
  ok: Pixels Only keeps the primitive on its right button
  ok: Pixels Only right button changes no attributes
  ok: eraser clears the pixel it touches
  ok: eraser resets PAPER on contact
  ok: eraser resets FLASH on contact
  ok: eraser keeps INK while other ink remains in the cell
  ok: eraser keeps BRIGHT while other ink remains in the cell
  ok: eraser leaves that other ink standing
  ok: eraser resets INK and BRIGHT with the last pixel in the cell
  ok: an emptied upper-layer cell goes transparent again
  ok: the real eraser tool clears the ink
  ok: the real eraser tool takes the attributes with it
  ok: an emptied BACKGROUND cell stays altered - there is nothing behind it

ALL CHECKS PASSED

=== export-mode-matrix.test.js ===
  ok: matrix covers every SCREEN_MODES entry
  ok: standard_ula: scr canExport() === true
  ok: standard_ula: zxp canExport() === true
  ok: standard_ula: mlt canExport() === true
  ok: standard_ula: ifl canExport() === true
  ok: standard_ula: hrg canExport() === false
  ok: standard_ula: img canExport() === false
  ok: standard_ula: nxi canExport() === false
  ok: standard_ula: sl2 canExport() === false
  ok: standard_ula: slr canExport() === false
  ok: standard_ula: ctile canExport() === false
  ok: standard_ula: tap canExport() === true
  ok: standard_ula: tzx canExport() === true
  ok: standard_ula: png canExport() === true
  ok: standard_ula: bmp canExport() === true
  ok: standard_ula: jpg canExport() === true
  ok: standard_ula: zed canExport() === true
  ok: standard_ula: sev canExport() === true
  ok: standard_ula: pal canExport() === false
  ok: standard_ula: npl canExport() === false
  ok: standard_ula: asm canExport() === true
  ok: standard_ula: c canExport() === true
  ok: standard_ula: bin canExport() === true
  ok: standard_ula: atr canExport() === true
  ok: standard_ula: matrix and catalogue agree on the format set
  ok: multicolor_8x4: scr canExport() === false
  ok: multicolor_8x4: zxp canExport() === true
  ok: multicolor_8x4: mlt canExport() === true
  ok: multicolor_8x4: ifl canExport() === true
  ok: multicolor_8x4: hrg canExport() === false
  ok: multicolor_8x4: img canExport() === false
  ok: multicolor_8x4: nxi canExport() === false
  ok: multicolor_8x4: sl2 canExport() === false
  ok: multicolor_8x4: slr canExport() === false
  ok: multicolor_8x4: ctile canExport() === false
  ok: multicolor_8x4: tap canExport() === false
  ok: multicolor_8x4: tzx canExport() === false
  ok: multicolor_8x4: png canExport() === true
  ok: multicolor_8x4: bmp canExport() === true
  ok: multicolor_8x4: jpg canExport() === true
  ok: multicolor_8x4: zed canExport() === false
  ok: multicolor_8x4: sev canExport() === false
  ok: multicolor_8x4: pal canExport() === false
  ok: multicolor_8x4: npl canExport() === false
  ok: multicolor_8x4: asm canExport() === false
  ok: multicolor_8x4: c canExport() === false
  ok: multicolor_8x4: bin canExport() === false
  ok: multicolor_8x4: atr canExport() === false
  ok: multicolor_8x4: matrix and catalogue agree on the format set
  ok: multicolor_8x2: scr canExport() === false
  ok: multicolor_8x2: zxp canExport() === true
  ok: multicolor_8x2: mlt canExport() === true
  ok: multicolor_8x2: ifl canExport() === true
  ok: multicolor_8x2: hrg canExport() === false
  ok: multicolor_8x2: img canExport() === false
  ok: multicolor_8x2: nxi canExport() === false
  ok: multicolor_8x2: sl2 canExport() === false
  ok: multicolor_8x2: slr canExport() === false
  ok: multicolor_8x2: ctile canExport() === false
  ok: multicolor_8x2: tap canExport() === false
  ok: multicolor_8x2: tzx canExport() === false
  ok: multicolor_8x2: png canExport() === true
  ok: multicolor_8x2: bmp canExport() === true
  ok: multicolor_8x2: jpg canExport() === true
  ok: multicolor_8x2: zed canExport() === false
  ok: multicolor_8x2: sev canExport() === false
  ok: multicolor_8x2: pal canExport() === false
  ok: multicolor_8x2: npl canExport() === false
  ok: multicolor_8x2: asm canExport() === false
  ok: multicolor_8x2: c canExport() === false
  ok: multicolor_8x2: bin canExport() === false
  ok: multicolor_8x2: atr canExport() === false
  ok: multicolor_8x2: matrix and catalogue agree on the format set
  ok: multicolor_8x1: scr canExport() === true
  ok: multicolor_8x1: zxp canExport() === true
  ok: multicolor_8x1: mlt canExport() === true
  ok: multicolor_8x1: ifl canExport() === false
  ok: multicolor_8x1: hrg canExport() === false
  ok: multicolor_8x1: img canExport() === false
  ok: multicolor_8x1: nxi canExport() === false
  ok: multicolor_8x1: sl2 canExport() === false
  ok: multicolor_8x1: slr canExport() === false
  ok: multicolor_8x1: ctile canExport() === true
  ok: multicolor_8x1: tap canExport() === false
  ok: multicolor_8x1: tzx canExport() === false
  ok: multicolor_8x1: png canExport() === true
  ok: multicolor_8x1: bmp canExport() === true
  ok: multicolor_8x1: jpg canExport() === true
  ok: multicolor_8x1: zed canExport() === false
  ok: multicolor_8x1: sev canExport() === false
  ok: multicolor_8x1: pal canExport() === false
  ok: multicolor_8x1: npl canExport() === false
  ok: multicolor_8x1: asm canExport() === true
  ok: multicolor_8x1: c canExport() === true
  ok: multicolor_8x1: bin canExport() === true
  ok: multicolor_8x1: atr canExport() === true
  ok: multicolor_8x1: matrix and catalogue agree on the format set
  ok: ula_plus: scr canExport() === true
  ok: ula_plus: zxp canExport() === true
  ok: ula_plus: mlt canExport() === false
  ok: ula_plus: ifl canExport() === false
  ok: ula_plus: hrg canExport() === false
  ok: ula_plus: img canExport() === false
  ok: ula_plus: nxi canExport() === false
  ok: ula_plus: sl2 canExport() === false
  ok: ula_plus: slr canExport() === false
  ok: ula_plus: ctile canExport() === false
  ok: ula_plus: tap canExport() === true
  ok: ula_plus: tzx canExport() === true
  ok: ula_plus: png canExport() === true
  ok: ula_plus: bmp canExport() === true
  ok: ula_plus: jpg canExport() === true
  ok: ula_plus: zed canExport() === true
  ok: ula_plus: sev canExport() === true
  ok: ula_plus: pal canExport() === true
  ok: ula_plus: npl canExport() === true
  ok: ula_plus: asm canExport() === true
  ok: ula_plus: c canExport() === true
  ok: ula_plus: bin canExport() === true
  ok: ula_plus: atr canExport() === true
  ok: ula_plus: matrix and catalogue agree on the format set
  ok: ula_plus_8x1: scr canExport() === true
  ok: ula_plus_8x1: zxp canExport() === true
  ok: ula_plus_8x1: mlt canExport() === false
  ok: ula_plus_8x1: ifl canExport() === false
  ok: ula_plus_8x1: hrg canExport() === false
  ok: ula_plus_8x1: img canExport() === false
  ok: ula_plus_8x1: nxi canExport() === false
  ok: ula_plus_8x1: sl2 canExport() === false
  ok: ula_plus_8x1: slr canExport() === false
  ok: ula_plus_8x1: ctile canExport() === false
  ok: ula_plus_8x1: tap canExport() === false
  ok: ula_plus_8x1: tzx canExport() === false
  ok: ula_plus_8x1: png canExport() === true
  ok: ula_plus_8x1: bmp canExport() === true
  ok: ula_plus_8x1: jpg canExport() === true
  ok: ula_plus_8x1: zed canExport() === false
  ok: ula_plus_8x1: sev canExport() === false
  ok: ula_plus_8x1: pal canExport() === true
  ok: ula_plus_8x1: npl canExport() === true
  ok: ula_plus_8x1: asm canExport() === true
  ok: ula_plus_8x1: c canExport() === true
  ok: ula_plus_8x1: bin canExport() === true
  ok: ula_plus_8x1: atr canExport() === true
  ok: ula_plus_8x1: matrix and catalogue agree on the format set
  ok: timex_hires: scr canExport() === true
  ok: timex_hires: zxp canExport() === false
  ok: timex_hires: mlt canExport() === false
  ok: timex_hires: ifl canExport() === false
  ok: timex_hires: hrg canExport() === true
  ok: timex_hires: img canExport() === false
  ok: timex_hires: nxi canExport() === false
  ok: timex_hires: sl2 canExport() === false
  ok: timex_hires: slr canExport() === false
  ok: timex_hires: ctile canExport() === false
  ok: timex_hires: tap canExport() === false
  ok: timex_hires: tzx canExport() === false
  ok: timex_hires: png canExport() === true
  ok: timex_hires: bmp canExport() === true
  ok: timex_hires: jpg canExport() === true
  ok: timex_hires: zed canExport() === false
  ok: timex_hires: sev canExport() === false
  ok: timex_hires: pal canExport() === false
  ok: timex_hires: npl canExport() === false
  ok: timex_hires: asm canExport() === true
  ok: timex_hires: c canExport() === true
  ok: timex_hires: bin canExport() === true
  ok: timex_hires: atr canExport() === true
  ok: timex_hires: matrix and catalogue agree on the format set
  ok: gigascreen: scr canExport() === false
  ok: gigascreen: zxp canExport() === false
  ok: gigascreen: mlt canExport() === false
  ok: gigascreen: ifl canExport() === false
  ok: gigascreen: hrg canExport() === false
  ok: gigascreen: img canExport() === true
  ok: gigascreen: nxi canExport() === false
  ok: gigascreen: sl2 canExport() === false
  ok: gigascreen: slr canExport() === false
  ok: gigascreen: ctile canExport() === false
  ok: gigascreen: tap canExport() === false
  ok: gigascreen: tzx canExport() === false
  ok: gigascreen: png canExport() === true
  ok: gigascreen: bmp canExport() === true
  ok: gigascreen: jpg canExport() === true
  ok: gigascreen: zed canExport() === false
  ok: gigascreen: sev canExport() === false
  ok: gigascreen: pal canExport() === false
  ok: gigascreen: npl canExport() === false
  ok: gigascreen: asm canExport() === false
  ok: gigascreen: c canExport() === false
  ok: gigascreen: bin canExport() === false
  ok: gigascreen: atr canExport() === false
  ok: gigascreen: matrix and catalogue agree on the format set
  ok: ulanext: scr canExport() === true
  ok: ulanext: zxp canExport() === false
  ok: ulanext: mlt canExport() === false
  ok: ulanext: ifl canExport() === false
  ok: ulanext: hrg canExport() === false
  ok: ulanext: img canExport() === false
  ok: ulanext: nxi canExport() === false
  ok: ulanext: sl2 canExport() === false
  ok: ulanext: slr canExport() === false
  ok: ulanext: ctile canExport() === false
  ok: ulanext: tap canExport() === true
  ok: ulanext: tzx canExport() === true
  ok: ulanext: png canExport() === true
  ok: ulanext: bmp canExport() === true
  ok: ulanext: jpg canExport() === true
  ok: ulanext: zed canExport() === true
  ok: ulanext: sev canExport() === true
  ok: ulanext: pal canExport() === true
  ok: ulanext: npl canExport() === true
  ok: ulanext: asm canExport() === true
  ok: ulanext: c canExport() === true
  ok: ulanext: bin canExport() === true
  ok: ulanext: atr canExport() === true
  ok: ulanext: matrix and catalogue agree on the format set
  ok: layer2_256: scr canExport() === false
  ok: layer2_256: zxp canExport() === false
  ok: layer2_256: mlt canExport() === false
  ok: layer2_256: ifl canExport() === false
  ok: layer2_256: hrg canExport() === false
  ok: layer2_256: img canExport() === false
  ok: layer2_256: nxi canExport() === true
  ok: layer2_256: sl2 canExport() === true
  ok: layer2_256: slr canExport() === true
  ok: layer2_256: ctile canExport() === false
  ok: layer2_256: tap canExport() === false
  ok: layer2_256: tzx canExport() === false
  ok: layer2_256: png canExport() === true
  ok: layer2_256: bmp canExport() === true
  ok: layer2_256: jpg canExport() === true
  ok: layer2_256: zed canExport() === false
  ok: layer2_256: sev canExport() === false
  ok: layer2_256: pal canExport() === true
  ok: layer2_256: npl canExport() === true
  ok: layer2_256: asm canExport() === false
  ok: layer2_256: c canExport() === false
  ok: layer2_256: bin canExport() === false
  ok: layer2_256: atr canExport() === false
  ok: layer2_256: matrix and catalogue agree on the format set
  ok: layer2_320: scr canExport() === false
  ok: layer2_320: zxp canExport() === false
  ok: layer2_320: mlt canExport() === false
  ok: layer2_320: ifl canExport() === false
  ok: layer2_320: hrg canExport() === false
  ok: layer2_320: img canExport() === false
  ok: layer2_320: nxi canExport() === true
  ok: layer2_320: sl2 canExport() === true
  ok: layer2_320: slr canExport() === true
  ok: layer2_320: ctile canExport() === false
  ok: layer2_320: tap canExport() === false
  ok: layer2_320: tzx canExport() === false
  ok: layer2_320: png canExport() === true
  ok: layer2_320: bmp canExport() === true
  ok: layer2_320: jpg canExport() === true
  ok: layer2_320: zed canExport() === false
  ok: layer2_320: sev canExport() === false
  ok: layer2_320: pal canExport() === true
  ok: layer2_320: npl canExport() === true
  ok: layer2_320: asm canExport() === false
  ok: layer2_320: c canExport() === false
  ok: layer2_320: bin canExport() === false
  ok: layer2_320: atr canExport() === false
  ok: layer2_320: matrix and catalogue agree on the format set
  ok: layer2_640: scr canExport() === false
  ok: layer2_640: zxp canExport() === false
  ok: layer2_640: mlt canExport() === false
  ok: layer2_640: ifl canExport() === false
  ok: layer2_640: hrg canExport() === false
  ok: layer2_640: img canExport() === false
  ok: layer2_640: nxi canExport() === true
  ok: layer2_640: sl2 canExport() === true
  ok: layer2_640: slr canExport() === true
  ok: layer2_640: ctile canExport() === false
  ok: layer2_640: tap canExport() === false
  ok: layer2_640: tzx canExport() === false
  ok: layer2_640: png canExport() === true
  ok: layer2_640: bmp canExport() === true
  ok: layer2_640: jpg canExport() === true
  ok: layer2_640: zed canExport() === false
  ok: layer2_640: sev canExport() === false
  ok: layer2_640: pal canExport() === true
  ok: layer2_640: npl canExport() === true
  ok: layer2_640: asm canExport() === false
  ok: layer2_640: c canExport() === false
  ok: layer2_640: bin canExport() === false
  ok: layer2_640: atr canExport() === false
  ok: layer2_640: matrix and catalogue agree on the format set
  ok: lores: scr canExport() === false
  ok: lores: zxp canExport() === false
  ok: lores: mlt canExport() === false
  ok: lores: ifl canExport() === false
  ok: lores: hrg canExport() === false
  ok: lores: img canExport() === false
  ok: lores: nxi canExport() === true
  ok: lores: sl2 canExport() === true
  ok: lores: slr canExport() === true
  ok: lores: ctile canExport() === false
  ok: lores: tap canExport() === false
  ok: lores: tzx canExport() === false
  ok: lores: png canExport() === true
  ok: lores: bmp canExport() === true
  ok: lores: jpg canExport() === true
  ok: lores: zed canExport() === false
  ok: lores: sev canExport() === false
  ok: lores: pal canExport() === true
  ok: lores: npl canExport() === true
  ok: lores: asm canExport() === false
  ok: lores: c canExport() === false
  ok: lores: bin canExport() === false
  ok: lores: atr canExport() === false
  ok: lores: matrix and catalogue agree on the format set
  ok: lores_radastan: scr canExport() === false
  ok: lores_radastan: zxp canExport() === false
  ok: lores_radastan: mlt canExport() === false
  ok: lores_radastan: ifl canExport() === false
  ok: lores_radastan: hrg canExport() === false
  ok: lores_radastan: img canExport() === false
  ok: lores_radastan: nxi canExport() === true
  ok: lores_radastan: sl2 canExport() === true
  ok: lores_radastan: slr canExport() === true
  ok: lores_radastan: ctile canExport() === false
  ok: lores_radastan: tap canExport() === false
  ok: lores_radastan: tzx canExport() === false
  ok: lores_radastan: png canExport() === true
  ok: lores_radastan: bmp canExport() === true
  ok: lores_radastan: jpg canExport() === true
  ok: lores_radastan: zed canExport() === false
  ok: lores_radastan: sev canExport() === false
  ok: lores_radastan: pal canExport() === true
  ok: lores_radastan: npl canExport() === true
  ok: lores_radastan: asm canExport() === false
  ok: lores_radastan: c canExport() === false
  ok: lores_radastan: bin canExport() === false
  ok: lores_radastan: atr canExport() === false
  ok: lores_radastan: matrix and catalogue agree on the format set
  ok: EXPORT_FORMATS array found in menu-system.js
  ok: EXPORT_FORMATS lists no gif entry
  ok: EXPORT_FORMATS matches the catalogue this test audits (23 formats)

ALL CHECKS PASSED

=== fade-dither.test.js ===
  ok: fade over 'round' thins with distance
  ok: fade over 'round' is nearly gone at the end
  ok: fade over 'square' thins with distance
  ok: fade over 'square' is nearly gone at the end
  ok: fade over 'crosshatch' thins with distance
  ok: fade over 'crosshatch' is nearly gone at the end
  ok: fade over 'pattern' thins with distance
  ok: fade over 'pattern' is nearly gone at the end
  ok: fade over 'hatch' thins with distance
  ok: fade over 'hatch' is nearly gone at the end
  ok: spray consumes flow and the solids do not
  ok: fade over spray still thins (via flow, ungated)
  ok: ordered dither holds a full even-spaced hatch until late
  ok: an odd-spaced hatch fades smoothly under the same dither
  ok: the noise dither fades the even-spaced hatch smoothly
  ok: the gate drops exactly the rejected pixels
  ok: the gate does not leak past its call
  ok: options.dither === false opts a single write out
  ok: every dither is a pure function of the coordinates
  ok: thresholds stay in 0..1 including left of the origin
  ok: coverage rises with density for every dither
  ok: coverage tracks the requested density for every dither
  ok: ordered 8x8 offers more gradations than 4x4
  ok: ordered 4x4 still gives its 16 levels
  ok: halftone clusters its ink into dots
  ok: the default dither is still the historical Bayer 4x4
  ok: ordered4 is byte-for-byte the matrix the fade always used
  ok: an unknown dither id is ignored

ALL CHECKS PASSED

=== fade-zones.test.js ===
  ok: default zone weights reproduce the linear ramp
  ok: default weights are the density spans
  ok: default fade still steps through 16 evenly spaced dither levels
  ok: density never rises along the stroke, under any weighting
  ok: density stays within 0..1 under any weighting
  ok: a zero solid zone means no full-ink head
  ok: raising the solid weight lengthens the full-ink head
  ok: shortening the stipple weight shortens the stipple tail
  ok: a front-loaded fade holds ink past the halfway point
  ok: all-zero weights fall back to the linear ramp rather than NaN
  ok: stroke start is always full ink
  ok: stroke end is always empty
  ok: past the end stays empty
  ok: zone weight clamps to 100
  ok: zone weight clamps to 0
  ok: out-of-range zone index is a no-op
  ok: 'travel' keeps thinning on the way back
  ok: 'origin' thins on the way out
  ok: 'origin' recovers on the way back
  ok: 'origin' returns to full ink at the click point
  ok: 'origin' is symmetric about the anchor
  ok: 'origin' ignores how you got there, only where you are
  ok: 'origin' holds its density around a circle on the anchor
  ok: resetStroke forgets the anchor
  ok: an unknown measure id is ignored
  ok: the default measure is distance from the start point

ALL CHECKS PASSED

=== font-codec.test.js ===
  ok: round-trip 8px wide, 96 glyphs @ 32
  ok: round-trip 8px wide, 256 glyphs @ 0
  ok: round-trip 6px wide, 96 glyphs @ 32
  ok: round-trip 4px wide, 256 glyphs @ 0
  ok: round-trip 8px wide, 1 glyphs @ 0
  ok: max-size payload is JSON-safe and within the size cap
  ok: payload is versioned
  ok: encode masks row bits beyond the font width
  ok: encode rejects null
  ok: encode rejects illegal width
  ok: encode rejects empty glyph list
  ok: encode rejects coverage past code 255
  ok: encode rejects wrong glyph length
  ok: decode rejects unknown version
  ok: decode rejects illegal width
  ok: decode rejects corrupt base64
  ok: decode rejects glyph-count/byte-length mismatch
  ok: decode rejects coverage past code 255
  ok: decode rejects non-object

ALL CHECKS PASSED

=== font-format.test.js ===
  ok: ch4 round-trip (256 glyphs @ 0)
  ok: ch6 round-trip (256 glyphs @ 0)
  ok: ch8 round-trip (256 glyphs @ 0)
  ok: chr round-trip (256 glyphs @ 0)
  ok: chr round-trip (96 glyphs @ 32)
  ok: chx round-trip (256 glyphs @ 0)
  ok: chx round-trip (96 glyphs @ 32)
  ok: ch4/ch6/ch8 exports are 2048 bytes
  ok: chr export of a 96-char font is 768 bytes
  ok: chr export of a 256-char font is 2048 bytes
  ok: ch4 export masks rows to the high nibble
  ok: 96-char font exported as ch8 lands at codes 32..127
  ok: chx export starts with the CHX signature + version 0
  ok: chx export size = header + offset table + 11 bytes per glyph
  ok: chx export leaves codes outside the coverage undefined
  ok: chx records are transparent 1×1 char maps
  ok: chr import of 768 bytes sets the 96-char coverage at space
  ok: ch4 import masks stray low-nibble bits
  ok: chx import takes the top-left cell of a multi-cell coloured char
  ok: chx import with a code below 32 selects full coverage
  ok: ch8 rejects a wrong file size
  ok: ch8 rejects the 768-byte size (CHR-only variant)
  ok: chr rejects a wrong file size
  ok: chx rejects a truncated file
  ok: chx rejects a bad signature
  ok: chx rejects a wrong version number
  ok: chx rejects an out-of-range character offset
  ok: chx rejects an illegal character size
  ok: chx rejects a truncated character record
  ok: chx rejects a file with no characters
  ok: DevFormat bin is the raw glyph bytes
  ok: DevFormat asm has the label and DEFB rows
  ok: DevFormat c has the defines and array

ALL CHECKS PASSED

=== font-probe.test.js ===
  ok: the candidate list is substantial
  ok: exposed CANDIDATES matches the source list
  ok: no duplicate candidates
  ok: no empty candidate names
  ok: every ALIASES key is a candidate (or the entry can never fire)
  ok: every ALIASES target is a candidate (or suppression can never match)
  ok: no alias points at itself
  ok: no alias chains (a target is never itself an alias key)
  ok: Sitka is listed by its optical-size families, not as a bare name
  ok: detect() survives having no canvas and returns an array

ALL CHECKS PASSED

=== font-rasterizer.test.js ===
  ok: returns one glyph per requested code
  ok: every glyph is Uint8Array(8), masked to the requested width
  ok: validation rejects pointSize <= 0
  ok: validation rejects cellWidth > 8
  ok: validation rejects count < 0
  ok: document.fonts cleanup runs even when rasterization throws mid-loop
ALL CHECKS PASSED

=== font-service.test.js ===
  ok: ROM table is 96 glyphs × 8 bytes
  ok: ROM space (32) is blank
  ok: ROM A (65) matches the text tool table
  ok: default working font is the 96-char ASCII coverage at width 8
  ok: default glyphs come from the ROM table
  ok: getGlyph outside coverage is null
  ok: setGlyph outside coverage is a no-op
  ok: setGlyph rejects wrong byte length
  ok: captureGlyphFromCanvasCell without LayerManager is a no-op
  ok: setGlyph stores a copy
  ok: flipGlyph h mirrors within the width
  ok: flipGlyph v reverses rows
  ok: shiftGlyph left wraps the leftmost column
  ok: shiftGlyph right restores
  ok: shiftGlyph down wraps rows
  ok: shiftGlyph up restores
  ok: invertGlyph fills within the width
  ok: copy/paste glyph
  ok: clearGlyph blanks
  ok: narrowing to 4 crops the right columns
  ok: invert at width 4 stays inside the mask
  ok: flip h at width 4 mirrors 4 columns
  ok: shift left at width 4 wraps within 4 columns
  ok: widening back exposes blank columns
  ok: setWidth rejects illegal widths
  ok: FULL coverage keeps overlapping codes
  ok: FULL coverage adds blank low codes
  ok: ASCII coverage drops out-of-window codes and keeps the rest
  ok: resetToROM restores width 8 and the ROM glyphs
  ok: persist writes to the FONTS store
  ok: saveToLibrary stores under the given name
  ok: saveToLibrary rejects empty names
  ok: listLibrary lists it
  ok: getLibraryFont decodes it
  ok: loadFromLibrary restores the saved font
  ok: loadFromLibrary copies glyphs (editing must not touch the library)
  ok: restore repopulates the working font
  ok: restore warms the library cache
  ok: deleteFromLibrary removes it
  ok: deleteFromLibrary on a missing name is a no-op
  ok: restore discards unreadable payloads and clears the store

ALL CHECKS PASSED

=== format-registry.test.js ===
  ok: delegates true to a compatible handler
  ok: delegates false to an incompatible handler
  ok: defaults to true for a handler with no canExport
  ok: is false for an unregistered extension (nothing to export)
  ok: extension is matched case-insensitively

ALL CHECKS PASSED

=== gif-format.test.js ===
  ok: index buffer covers the screen
  ok: pixel (0,0) resolves ink/paper correctly
  ok: flash phase swaps ink/paper in flashing cells
  ok: non-flash cells identical across phases
  ok: flash cells differ across phases
  ok: ULA interleave: pixel (0,1) reads bitmap byte 256
  ok: screenHasFlash true on test screen
  ok: screenHasFlash false when no FLASH bits
  ok: signature GIF89a
  ok: logical screen 256x192
  ok: LSD packed: GCT, 8-bit res, 16 entries
  ok: background index 0, aspect 0
  ok: GCT is the 16-colour ZX palette
  ok: static GIF has no extension blocks
  ok: one frame at (0,0) full size, no LCT, not interlaced
  ok: LZW min code size 4
  ok: frame decodes to phase-0 indices
  ok: trailer is last byte
  ok: animated: NETSCAPE2.0 loop extension present
  ok: animated: two graphic control blocks with 32cs delay
  ok: animated: two frames
  ok: animated: frame 1 = phase 0
  ok: animated: frame 2 = phase 1
  ok: animated request without FLASH cells falls back to static
  ok: LZW round-trip: single pixel
  ok: LZW round-trip: flat run
  ok: LZW round-trip: alternating pair
  ok: LZW round-trip: random noise (forces table clears)
  ok: LZW of empty input is CLEAR+EOI only

ALL CHECKS PASSED

=== gradient-controls.test.js ===
  ok: gradient: getBias defaults to 0
  ok: gradient: positive bias increases ink coverage
  ok: gradient: negative bias decreases ink coverage
  ok: gradient: setBias clamps to -50..50
  ok: gradient: getGammaCurve defaults to 1 (linear, no-op)
  ok: gradient: gamma < 1 increases ink coverage vs linear
  ok: gradient: setGammaCurve clamps to 0.25..4
  ok: gradient: getWrapMode defaults to clamp
  ok: gradient: getRepeatCount defaults to 1
  ok: gradient: setWrapMode rejects unknown values
  ok: gradient: setRepeatCount clamps at the top end (0..8 range, see the dedicated block below)
  ok: gradient: clamp wrapMode ignores repeatCount (inert until switched)
  ok: gradient: repeat wrapMode produces more ink/paper transitions than a single band
  ok: gradient: phase 2 entered
  ok: gradient: no Shift -> endPoint follows the raw pointer exactly
  ok: gradient: Shift held -> endPoint snaps to the nearest 15deg axis
  ok: gradient: Shift snap preserves axis distance (within 1px rounding)
  ok: gradient: getLockAxis defaults to false
  ok: gradient: setLockAxis(true) takes effect
  ok: gradient: no prior commit -> phase 2 starts at the raw cursor even with lockAxis on
  ok: gradient: tool resets to shape phase after commit
  ok: gradient: locked axis pre-fills phase 2 on the next shape, scaled to its bounds
  ok: gradient: locked pre-fill still shows a live, still-draggable preview (phase unchanged)
  ok: gradient: lockAxis off -> phase 2 always starts at the raw release cursor
  ok: gradient attrs: default options
  ok: gradient attrs: bias
  ok: gradient attrs: gamma curve
  ok: gradient attrs: wrap repeat
  ok: gradient attrs: wrap mirror
  ok: gradient attrs: lock axis reuse
  ok: gradient: setRepeatCount clamps to 0..8 (0 now allowed)
  ok: gradient: repeatCount 0 gives an even ~50% dithered wash, not an empty or solid fill
  ok: gradient: getStartAnchor defaults to centre
  ok: gradient: setStartAnchor rejects unknown values
  ok: gradient: centre anchor starts the axis at the bounding-box centre
  ok: gradient: setStartAnchor(drag) takes effect
  ok: gradient: drag anchor starts the axis at the drag-start point, not the centre
  ok: gradient: 'top' anchor starts the axis at (40,0)
  ok: gradient: 'bottom' anchor starts the axis at (40,39)
  ok: gradient: 'left' anchor starts the axis at (0,20)
  ok: gradient: 'right' anchor starts the axis at (79,20)
  ok: gradient: 'topLeft' anchor starts the axis at (0,0)
  ok: gradient: 'topRight' anchor starts the axis at (79,0)
  ok: gradient: 'bottomLeft' anchor starts the axis at (0,39)
  ok: gradient: 'bottomRight' anchor starts the axis at (79,39)
  ok: gradient: drag anchor + lock axis scales against the full diagonal, not half
  ok: gradient: top anchor + lock axis scales against hypot(width/2, height)
  ok: gradient: phase 2 entered for the option-change test
  ok: gradient: an option change mid-phase-2 schedules a preview refresh
  ok: gradient: startAnchor change mid-phase-2 recomputes startPoint immediately (not on next shape)
  ok: gradient: option-change listener ignores events when this tool is not the active one
  ok: gradient: option-change listener is a no-op in phase 1

ALL CHECKS PASSED

=== hatch-brush.test.js ===
  ok: 16 curated angles are published
  ok: every angle is an integer direction (pixel-clean by construction)
  ok: the published degrees match atan2 of the direction
  ok: an unknown angle id falls back to 45
  ok: lattice is constant along its own direction, at every angle
  ok: lattice depends on absolute position, not on any stamp origin
  ok: coverage matches onHatchLine's own derived ratio at every angle
  ok: physical line spacing stays within 1px of the dial at every angle
  ok: thickness is clamped to spacing (never more than solid)
  ok: crossing two angles darkens (union 436 > each pass 268/266)
  ok: the two passes overlap only partly (they interlock, not coincide)
  ok: snap: a horizontal sweep picks 0 degrees
  ok: snap: a vertical sweep picks 90 degrees
  ok: snap: a diagonal sweep picks 45 degrees
  ok: snap: lines are undirected — the reverse sweep gives the same angle
  ok: snap: a 2:1 sweep picks the 2:1 angle
  ok: snap: too short to carry a direction returns null (caller holds)
  ok: snap: hysteresis holds the current angle for a marginal rival
  ok: snap: a decisive change still wins over hysteresis
  ok: same spot twice writes the identical pixels (20 px, deterministic)
  ok: flow does not thin the hatch (no random dropout)
  ok: every written pixel lies on the canvas lattice
  ok: overlapping stamps stay on one continuous lattice (no moire)
  ok: spacing drives tone (s=2 34 px > s=8 8 px)
  ok: thickness drives tone (t=3 73 px > t=1 20 px)
  ok: round nib footprint is smaller than the square one
  ok: size 1 writes exactly the pixel under the cursor, whatever the lattice
  ok: follow: a horizontal sweep settles on 0 degrees (got 0)
  ok: follow: a vertical sweep settles on 90 degrees (got 90)
  ok: follow mode resolves every one of the 16 angles from a real (rounded) drag
  ok: follow: startDrawingSession resets the direction tracking
  ok: a fixed angle is not moved by the stroke direction
  ok: the retired crosshatch-advanced id aliases to hatch

ALL CHECKS PASSED

=== helpers-mode-gates.test.js ===
  ok: hasStandardScreenLayout true in standard_ula
  ok: assertStandardScreenLayout does not throw in standard_ula
  ok: hasStandardScreenLayout true in ula_plus
  ok: assertStandardScreenLayout does not throw in ula_plus
  ok: hasStandardScreenLayout true in ulanext
  ok: assertStandardScreenLayout does not throw in ulanext
  ok: hasStandardScreenLayout false in multicolor_8x4
  ok: assertStandardScreenLayout throws in multicolor_8x4
  ok: hasStandardScreenLayout false in multicolor_8x2
  ok: assertStandardScreenLayout throws in multicolor_8x2
  ok: hasStandardScreenLayout false in multicolor_8x1
  ok: assertStandardScreenLayout throws in multicolor_8x1
  ok: hasStandardScreenLayout false in ula_plus_8x1
  ok: assertStandardScreenLayout throws in ula_plus_8x1
  ok: hasStandardScreenLayout false in timex_hires
  ok: assertStandardScreenLayout throws in timex_hires
  ok: hasStandardScreenLayout false in gigascreen
  ok: assertStandardScreenLayout throws in gigascreen
  ok: hasStandardScreenLayout false in layer2_256
  ok: assertStandardScreenLayout throws in layer2_256
  ok: hasStandardScreenLayout false in layer2_320
  ok: assertStandardScreenLayout throws in layer2_320
  ok: hasStandardScreenLayout false in layer2_640
  ok: assertStandardScreenLayout throws in layer2_640
  ok: hasStandardScreenLayout false in lores
  ok: assertStandardScreenLayout throws in lores
  ok: hasStandardScreenLayout false in lores_radastan
  ok: assertStandardScreenLayout throws in lores_radastan
  ok: hasClassicPixelModel true in standard_ula
  ok: assertClassicPixelModel does not throw in standard_ula
  ok: hasClassicPixelModel true in multicolor_8x4
  ok: assertClassicPixelModel does not throw in multicolor_8x4
  ok: hasClassicPixelModel true in multicolor_8x2
  ok: assertClassicPixelModel does not throw in multicolor_8x2
  ok: hasClassicPixelModel true in multicolor_8x1
  ok: assertClassicPixelModel does not throw in multicolor_8x1
  ok: hasClassicPixelModel true in ula_plus
  ok: assertClassicPixelModel does not throw in ula_plus
  ok: hasClassicPixelModel true in ula_plus_8x1
  ok: assertClassicPixelModel does not throw in ula_plus_8x1
  ok: hasClassicPixelModel true in timex_hires
  ok: assertClassicPixelModel does not throw in timex_hires
  ok: hasClassicPixelModel true in gigascreen
  ok: assertClassicPixelModel does not throw in gigascreen
  ok: hasClassicPixelModel true in ulanext
  ok: assertClassicPixelModel does not throw in ulanext
  ok: hasClassicPixelModel false in layer2_256
  ok: assertClassicPixelModel throws in layer2_256
  ok: hasClassicPixelModel false in layer2_320
  ok: assertClassicPixelModel throws in layer2_320
  ok: hasClassicPixelModel false in layer2_640
  ok: assertClassicPixelModel throws in layer2_640
  ok: hasClassicPixelModel false in lores
  ok: assertClassicPixelModel throws in lores
  ok: hasClassicPixelModel false in lores_radastan
  ok: assertClassicPixelModel throws in lores_radastan

ALL CHECKS PASSED

=== i18n-parity.test.js ===
FAIL: cs: missing 3 key(s): sprite.saveAsStamp, sprite.saveAsStamp.hint, sprite.stampSaved
FAIL: cs: extra 2 key(s): sprite.stamp, sprite.stamp.hint
FAIL: de: missing 3 key(s): sprite.saveAsStamp, sprite.saveAsStamp.hint, sprite.stampSaved
FAIL: de: extra 2 key(s): sprite.stamp, sprite.stamp.hint
FAIL: es: missing 3 key(s): sprite.saveAsStamp, sprite.saveAsStamp.hint, sprite.stampSaved
FAIL: es: extra 2 key(s): sprite.stamp, sprite.stamp.hint
FAIL: fr: missing 3 key(s): sprite.saveAsStamp, sprite.saveAsStamp.hint, sprite.stampSaved
FAIL: fr: extra 2 key(s): sprite.stamp, sprite.stamp.hint
FAIL: hu: missing 3 key(s): sprite.saveAsStamp, sprite.saveAsStamp.hint, sprite.stampSaved
FAIL: hu: extra 2 key(s): sprite.stamp, sprite.stamp.hint
FAIL: it: missing 3 key(s): sprite.saveAsStamp, sprite.saveAsStamp.hint, sprite.stampSaved
FAIL: it: extra 2 key(s): sprite.stamp, sprite.stamp.hint
FAIL: pl: missing 3 key(s): sprite.saveAsStamp, sprite.saveAsStamp.hint, sprite.stampSaved
FAIL: pl: extra 2 key(s): sprite.stamp, sprite.stamp.hint
FAIL: pt: missing 3 key(s): sprite.saveAsStamp, sprite.saveAsStamp.hint, sprite.stampSaved
FAIL: pt: extra 2 key(s): sprite.stamp, sprite.stamp.hint
FAIL: ro: missing 3 key(s): sprite.saveAsStamp, sprite.saveAsStamp.hint, sprite.stampSaved
FAIL: ro: extra 2 key(s): sprite.stamp, sprite.stamp.hint
FAIL: ru: missing 3 key(s): sprite.saveAsStamp, sprite.saveAsStamp.hint, sprite.stampSaved
FAIL: ru: extra 2 key(s): sprite.stamp, sprite.stamp.hint
FAIL: sk: missing 3 key(s): sprite.saveAsStamp, sprite.saveAsStamp.hint, sprite.stampSaved
FAIL: sk: extra 2 key(s): sprite.stamp, sprite.stamp.hint
FAIL: tr: missing 3 key(s): sprite.saveAsStamp, sprite.saveAsStamp.hint, sprite.stampSaved
FAIL: tr: extra 2 key(s): sprite.stamp, sprite.stamp.hint

24 PARITY FAILURE(S)

=== import-adjust.test.js ===
  ok: adjust: 0/0 is identity
  ok: adjust: alpha preserved
  ok: adjust: input not mutated
  ok: adjust: +50 brightness lifts channels by ~63 (clamped at 255)
  ok: adjust: -50 brightness lowers channels
  ok: adjust: +100 brightness clamps at 255
  ok: adjust: +contrast pushes darks darker
  ok: adjust: +contrast keeps the 128 midpoint
  ok: adjust: +contrast pushes lights lighter
  ok: adjust: -100 contrast collapses toward the midpoint
  ok: adjust: brightness clamps out-of-range args
  ok: preview: output is full-screen RGBA
  ok: preview: left half quantizes to ZX red
  ok: preview: right half quantizes to ZX white
  ok: preview: every cell honours the 2-colour constraint
  ok: preview: all pixels are ZX palette colours
  ok: preview: brightness shifts the quantized result

ALL CHECKS PASSED

=== indexed-erase-modes.test.js ===
  ok: left button on an indexed layer writes the ink index
  ok: right button on an indexed layer writes the paper index, not -1
  ok: the ERASE primitive still clears an upper indexed pixel to transparent
  ok: the eraser tool still clears an upper indexed pixel to transparent
  ok: right button on the background writes the paper index
  ok: the eraser tool on the background writes the paper index (nothing to inherit)

ALL CHECKS PASSED

=== layer-current-index-stamp.test.js ===
  ok: two dangling stamps exist before cancelling the second
  ok: current layer is not a stamp after cancelling one of two dangling stamps
  ok: current layer is the real drawing layer
  ok: Copy after the stray-stamp scenario still captures the ink

ALL CHECKS PASSED

=== lint-architecture.test.js ===
lint-architecture: 133 JS file(s) clean

ALL CHECKS PASSED

=== map-codec.test.js ===
  ok: round-trip 1 tiles, 1x1 map
  ok: round-trip 4 tiles, 32x24 map
  ok: round-trip 17 tiles, 100x3 map
  ok: round-trip 64 tiles, 256x256 map
  ok: max-size payload is JSON-safe and within the size cap
  ok: payload is versioned and kind-tagged
  ok: encode rejects null
  ok: encode rejects unknown tile kind
  ok: encode rejects oversized map
  ok: encode rejects wrong bitmap length
  ok: encode rejects out-of-range tile index
  ok: decode rejects unknown version
  ok: decode rejects unknown kind
  ok: decode rejects corrupt cells base64
  ok: decode rejects cell-length mismatch
  ok: decode rejects corrupt tile
  ok: decode rejects dangling tile indices
  ok: decode rejects non-object
  ok: persist writes to the MAPS store
  ok: restore repopulates the working document
  ok: restore discards unreadable payloads and clears the store

ALL CHECKS PASSED

=== map-format.test.js ===
  ok: export produces bytes
  ok: file is the versioned MapCodec payload
  ok: import succeeds
  ok: imported document is identical
  ok: import rejects non-JSON
  ok: import rejects unknown versions

ALL CHECKS PASSED

=== map-service.test.js ===
  ok: attrByte packs FLASH|BRIGHT|PAPER|INK
  ok: attrByte/attrFields are inverses
  ok: createTile pads the bitmap to cell height
  ok: createTile tags the kind
  ok: tileFromPattern packs MSB-left rows
  ok: tileFromPattern rejects non-tile-sized patterns
  ok: addTile returns sequential indices
  ok: addTile dedups byte-identical tiles
  ok: addTile without dedup appends
  ok: setMapCell places a tile
  ok: setMapCell erases with -1
  ok: setMapCell rejects out-of-bounds placement quietly
  ok: setMapCell rejects dangling tile index
  ok: getMapCell out of bounds returns -1
  ok: floodFill fills the enclosed empty region
  ok: floodFill does not leak across the frame
  ok: floodFill into same index is a no-op
  ok: resizeMap clips to the new size
  ok: resizeMap grows with empty cells
  ok: removeTile empties its cells and shifts higher indices
  ok: newMap clamps dimensions to [1, MAX_DIM]
  ok: mutations announce MAP_CHANGED / MAP_TILESET_CHANGED facts

ALL CHECKS PASSED

=== mode-12b.test.js ===
  ok: 256->512 grid is 64 cells wide
  ok: 256->512 doubles a full row byte into two 0xFF cells
  ok: 256->512 doubles a single leftmost pixel
  ok: 256->512 keeps doubled bits in the correct half
  ok: 256->512 copies attrs to both halves
  ok: 512->256 restores the doubled pixels exactly
  ok: 512->256 keeps the altered flag
  ok: 512->256 OR-merges pixel pairs
  ok: 8×1/256 -> hi-res converts height then width
  ok: timexMono palette has 2 entries
  ok: timexMono default is black ink on white paper
  ok: timexMono attrToIndices ignores cell attrs
  ok: scheme change re-derives the palette
  ok: 256->512 (colour -> mono) is lossy
  ok: 512->256 (width shrink) is lossy
  ok: standard -> gigascreen is lossless
  ok: ULAplus -> ULAplus 8×1 (refine) is lossless
  ok: ULAplus 8×1 -> ULAplus (coarsen) is lossy
  ok: switched to gigascreen
  ok: blend view averages the sub-screens per channel
  ok: blend of identical paper stays put
  ok: view A shows only screen A
  ok: view B shows only screen B
  ok: flattenVisible filters by sub-screen
  ok: gigaScreen tag survives undo restore
  ok: leaving gigascreen with B content is lossy
  ok: leaving gigascreen clears the tags
  ok: back to standard_ula
  ok: exit stamp: altered cell gets the scheme attrs
  ok: exit stamp: pixels halved back to 256 wide
  ok: exit stamp: background carries the scheme too

ALL CHECKS PASSED

=== mode-13.test.js ===
  ok: LAYER2_256 native size is 49664 (512 palette + 49152)
  ok: LAYER2_320/640 share the 82432 container
  ok: LORES native size is 12800
  ok: RADASTAN native size is 6656
  ok: ULANEXT is a plain 6912 SCR
  ok: 4bpp modes expose a 16-entry palette window
  ok: bytesToRegister decodes RRRGGGBB + blue LSB
  ok: registerToRGB uses the RECOIL n*73>>1 scale
  ok: registerToBytes round-trips
  ok: byteToRegister blue expansion 0/1/2/3 -> 0/3/5/7
  ok: defaultRegisters: 256 entries
  ok: defaults hold the classics in the ink half
  ok: defaults hold the classics in the ULANext paper half
  ok: non-classic entries are the identity ramp
  ok: indexed cells carry Int16Array indices (64/tile)
  ok: upper-layer cells start transparent (−1)
  ok: background cells seed with the default paper index
  ok: PALETTE_SIZE live view reads 256
  ok: rgb333 palette derived with 256 entries
  ok: indices survive the clone/restore round-trip
  ok: NORMAL writes the indexed ink
  ok: getPixelState exposes the index
  ok: explicit colorSelection.index wins
  ok: ERASE on an upper layer restores transparency
  ok: ERASE on the background writes the indexed paper
  ok: PAPER paints the indexed paper
  ok: XOR toggles the drawing index off
  ok: ATTRIBUTES_ONLY is a no-op on indexed cells
  ok: topmost set index wins
  ok: transparent pixels show the layer below or background
  ok: classic->indexed: ink pixel maps to the classic entry (2)
  ok: classic->indexed: paper pixel of an altered cell maps to 7
  ok: classic->indexed: unaltered upper-layer cells stay transparent
  ok: classic->indexed: background is fully painted
  ok: indexed->classic: cell is altered with a 2-colour split
  ok: indexed->classic: BRIGHT survives the nearest-classic pick
  ok: indexed->classic: untouched tiles stay unaltered
  ok: 256->LoRes: set pixels survive the 2×2 merge
  ok: 8bpp->4bpp: indices re-map into the 16-entry window
  ok: lossy: classic->indexed (FLASH/attrs drop)
  ok: lossy: indexed->classic (re-quantization)
  ok: lossy: 8bpp->4bpp
  ok: lossless: standard->ULANext (defaults reproduce the classics)
  ok: lossless: ULANext->standard with unedited palette
  ok: ULANext palette is the 256-entry register file
  ok: ULANext ink resolves in the ink half
  ok: ULANext paper resolves in the paper half at 128+
  ok: nothing flashes in ULANext
  ok: ULANext defaults: bright red ink renders red-ish
  ok: ULANext defaults: bright white paper renders white-ish
  ok: undo restores the Next register file
  ok: undo restores indexed pixels
  ok: assertStandardScreenLayout rejects indexed modes
  ok: assertClassicPixelModel rejects indexed modes
  ok: isValidCellData validates the indexed shape
  ok: isValidPaletteIndex honours the palette window
  ok: reset to standard_ula for following suites

ALL CHECKS PASSED

=== mode-formats-12b.test.js ===
  ok: 8×1 .scr export is 12288 bytes
  ok: bitmap halves of .scr and .mlt are identical
  ok: .scr attr block is the interleaved permutation of .mlt attrs
  ok: 12288 .scr parses
  ok: 12288 .scr switched to multicolor_8x1
  ok: 12288 .scr round-trip is byte-identical
  ok: undo of 12288 import restores previous mode
  ok: ULAplus 8×1 .scr export is 12352 bytes
  ok: 12352 carries the registers
  ok: 12352 .scr parses
  ok: 12352 switched to ula_plus_8x1
  ok: 12352 restored the registers
  ok: 12352 round-trip is byte-identical
  ok: hi-res .scr export is 12289 bytes
  ok: port byte carries mode bits + ink
  ok: even byte column lands in display file 1
  ok: odd byte column lands in display file 2
  ok: .hrg is two identical hi-res frames
  ok: 12289 .scr parses
  ok: 12289 switched to timex_hires
  ok: 12289 restored the colour scheme
  ok: 12289 round-trip is byte-identical
  ok: .hrg parses (first frame)
  ok: .hrg import matches the 12289 document
  ok: .hrg rejects wrong sizes
  ok: 8×2 .scr export still gates
  ok: hi-res export gates outside timex_hires
  ok: .img export gates outside gigascreen
  ok: .ctile export gates outside 8×1
  ok: TimexFormat canExport false outside timex_hires
  ok: GigascreenFormat canExport false outside gigascreen
  ok: CtileFormat canExport false outside 8×1
  ok: TimexFormat canExport true in timex_hires
  ok: GigascreenFormat canExport true in gigascreen
  ok: CtileFormat canExport true in multicolor_8x1
  ok: CtileFormat canExport false in ula_plus_8x1 (not fixed16)
  ok: .img export is 13824 bytes
  ok: .img halves differ (A vs B)
  ok: .img attr halves carry each screen
  ok: giga GIF has the GIF89a signature
  ok: giga GIF is a two-frame loop
  ok: giga GIF frames use the flicker delay
  ok: .img parses
  ok: .img switched to gigascreen
  ok: .img import created a tagged Screen B layer
  ok: .img round-trip is byte-identical
  ok: undo of .img import restores previous mode
  ok: .mg (type 8) parses
  ok: .mg import equals its .img twin
  ok: .mg with fine attrs is rejected
  ok: .mg with a wrong signature is rejected
  ok: .img rejects wrong sizes
  ok: .ctile parses
  ok: .ctile switched to multicolor_8x1
  ok: .ctile tile 0 pixels landed
  ok: .ctile tile 0 attrs landed
  ok: .ctile tile 1 landed to the right
  ok: .ctile selection export round-trips
  ok: .ctile misaligned selection gates
  ok: .ctile full-canvas export is 192 tiles
  ok: .ctile rejects non-multiple-of-64 sizes
  ok: .ctile rejects empty files
  ok: .ctile rejects oversize sheets

ALL CHECKS PASSED

=== mode-formats-13.test.js ===
  ok: .nxi export is 49664 bytes
  ok: .nxi palette block carries the edited register
  ok: .sl2 is the raw 49152 bitmap
  ok: .sl2 equals the .nxi bitmap block
  ok: .nxi parses
  ok: .nxi import switched to layer2_256
  ok: .nxi import loaded the palette
  ok: .nxi round-trip is byte-identical
  ok: undo restores the pre-import mode
  ok: raw 49152 .nxi accepted
  ok: raw import switched to layer2_256
  ok: .nxi rejects a bad size
  ok: 12800 maps to LoRes with palette
  ok: 12288 maps to raw LoRes
  ok: 6656 maps to Radastan with palette
  ok: 81920 maps to LAYER2_320 by default
  ok: 81920 honours an active LAYER2_640 document
  ok: 4bpp packs the left pixel into the high nibble
  ok: 4bpp packing round-trips
  ok: Radastan .nxi is 6656 bytes
  ok: Radastan .nxi parses into its mode
  ok: Radastan round-trip is byte-identical
  ok: .pal encodes 512 bytes
  ok: .pal 512-byte form round-trips
  ok: .pal 256-byte form expands blue via the OR rule
  ok: .pal rejects a bad size
  ok: .pal import replaces the document registers
  ok: .pal ULAplus kind encodes 64 bytes
  ok: .pal 64-byte form round-trips
  ok: .pal decodeUlaplus rejects other sizes
  ok: .pal 64-byte import replaces the ULAplus registers
  ok: .pal 64-byte import leaves the Next registers alone
  ok: .pal export in ULAplus mode emits the 64-byte kind
  ok: .pal export in a Next mode emits the 512-byte kind
  ok: .npl export appends the $E3 transparency byte (513 bytes)
  ok: .npl 513-byte form imports (transparency byte ignored)
  ok: .pal export refuses in fixed-palette modes
  ok: .pal canExport false in standard_ula (fixed16)
  ok: .pal canExport true in ula_plus (ulaplus64)
  ok: .pal canExport true in layer2_256 (rgb333)
  ok: .pal canExport false in timex_hires (timexMono)
  ok: .slr export is the raw LoRes dump
  ok: .slr import resolves to LoRes and restores the pixel
  ok: .sl2 with a +3DOS header imports (header stripped)
  ok: sheet boots with one transparent 8bpp sprite
  ok: 8bpp .spr is 256 bytes per sprite
  ok: 8bpp bytes are row-major indices
  ok: depthForLength: 384 bytes is 4bpp only (3 sprites)
  ok: depthForLength: 512 bytes honours the sheet depth
  ok: depthForLength rejects odd sizes
  ok: 4bpp .spr is 128 bytes per sprite
  ok: 4bpp .spr packs the left pixel high
  ok: 4bpp .spr decode round-trips
  ok: loadSheet sets the 4bpp transparency default
  ok: 8->4bpp depth switch masks indices to the low nibble
  ok: flipH mirrors the pattern
  ok: .spr reject: bad length
  ok: next tilemap .bin header carries dims + tile count
  ok: tile def packs ink/paper classic slots at 4bpp
  ok: map cells follow the defs; $FF = empty
  ok: next tilemap .asm has both labels
  ok: SCR export gates in indexed modes
  ok: .mlt export gates in indexed modes (fixed16 rule)
  ok: NXI canExport true in an indexed mode
  ok: NXI canExport false in a classic mode
  ok: GIF export works in indexed modes
  ok: indexed GIF writes a 256-entry colour table
  ok: GCT carries the live Next palette
  ok: ULAplus GIF writes a 64-entry colour table
  ok: GCT carries the live ULAplus registers
  ok: Timex hi-res GIF writes a 2-entry colour table at 512×192
  ok: reset to standard_ula for following suites

ALL CHECKS PASSED

=== mode-formats.test.js ===
  ok: mlt export is 12288 bytes
  ok: mlt bitmap is interleaved
  ok: mlt attrs are linear FBpppiii
  ok: mlt flash bit set on line 3
  ok: mlt parses
  ok: mlt import switched the mode
  ok: mlt round-trip is byte-identical
  ok: undo of mlt import restores previous mode
  ok: redo returns to 8×1
  ok: mc parses
  ok: mc import equals the mlt document
  ok: mlt rejects wrong size
  ok: ifl rejects wrong size
  ok: ifl export from 8×1 gates (would coarsen)
  ok: mlt canExport true in multicolor_8x1
  ok: ifl canExport false in multicolor_8x1 (would coarsen)
  ok: mlt canExport false in ula_plus (not fixed16)
  ok: mlt canExport true in standard_ula
  ok: ifl canExport true in standard_ula
  ok: mlt export from standard is 12288
  ok: refine replicates the cell attr down all 8 lines
  ok: refine keeps the bitmap bytes
  ok: ifl export is 9216 bytes
  ok: ifl parses and switches to 8×2
  ok: ifl round-trip is byte-identical
  ok: ULAplus SCR export is 6976 bytes
  ok: palette registers appended at 6912
  ok: attr byte keeps CLUT bits
  ok: 6976 SCR parses
  ok: import switched to ULAplus
  ok: registers restored
  ok: ULAplus SCR round-trip is byte-identical
  ok: scr export gates in multicolor modes
  ok: SCR canExport true in standard_ula
  ok: SCR canExport true in ula_plus
  ok: SCR canExport true in multicolor_8x1
  ok: SCR canExport true in ula_plus_8x1
  ok: SCR canExport true in timex_hires
  ok: SCR canExport false in multicolor_8x4
  ok: SCR canExport false in multicolor_8x2
  ok: SCR canExport false in gigascreen
  ok: SCR canExport false in layer2_256
  ok: 6912 still parses
  ok: 6144 still parses
  ok: 6913 still rejected
  ok: palette has 64 registers
  ok: palette contains the image blue
  ok: palette contains the image orange
  ok: pick has CLUT and slots in range
  ok: solid cell renders solid
  ok: solid orange cell shows near-orange

ALL CHECKS PASSED

=== palette-ops.test.js ===
  ok: a ramp produces exactly the number of colours asked for
  ok: it starts at the first colour
  ok: and ends at the second
  ok: the steps are even
  ok: it is monotonic — a ramp that doubles back is not a ramp
  ok: each channel ramps independently
  ok: a ramp of two is just its endpoints
  ok: a ramp of one is the start colour, not a crash
  ok: a nonsense length is treated as one rather than producing nothing
  ok: the ramp runs downhill as readily as up
  ok: a ULAplus palette is 64 registers
  ok: every ULAplus register is a byte
  ok: a flat red image puts red in the palette
  ok: a Next register file is always 256 entries, whatever the window
  ok: every Next register fits in 9 bits
  ok: a flat green image puts green in the window
  ok: entries outside the window keep the documented defaults
  ok: a multi-colour image spreads across the window rather than collapsing
  ok: an empty image is survived rather than crashed on
  ok: median cut returns at most the count asked for
  ok: and at least one colour even from a single pixel

ALL CHECKS PASSED

=== pattern-library.test.js ===
  ok: library is not empty
  ok: every entry decodes to its declared size
  ok: key names its own size (e.g. "8x8/brick" is 8x8)
  ok: every entry carries a category
  ok: no pattern is blank or solid
  ok: no two patterns are the same bitmap
  ok: density-NN names match their real ink coverage
  ok: the density ramp is monotonic and evenly stepped
  ok: a tile never just repeats a smaller one (earns its size)

ALL CHECKS PASSED

=== payload-headroom.test.js ===
--- clipboard: worst-case copy in every registered mode ---
  ok: standard_ula: a full-canvas copy encodes
  ok: standard_ula: 77823 B is under half the cap (1.9%)
  ok: multicolor_8x4: a full-canvas copy encodes
  ok: multicolor_8x4: 124737 B is under half the cap (3.0%)
  ok: multicolor_8x2: a full-canvas copy encodes
  ok: multicolor_8x2: 219153 B is under half the cap (5.2%)
  ok: multicolor_8x1: a full-canvas copy encodes
  ok: multicolor_8x1: 411601 B is under half the cap (9.8%)
  ok: ula_plus: a full-canvas copy encodes
  ok: ula_plus: 77819 B is under half the cap (1.9%)
  ok: ula_plus_8x1: a full-canvas copy encodes
  ok: ula_plus_8x1: 411599 B is under half the cap (9.8%)
  ok: timex_hires: a full-canvas copy encodes
  ok: timex_hires: 156022 B is under half the cap (3.7%)
  ok: gigascreen: a full-canvas copy encodes
  ok: gigascreen: 77821 B is under half the cap (1.9%)
  ok: ulanext: a full-canvas copy encodes
  ok: ulanext: 77818 B is under half the cap (1.9%)
  ok: layer2_256: a full-canvas copy encodes
  ok: layer2_256: 143366 B is under half the cap (3.4%)
  ok: layer2_320: a full-canvas copy encodes
  ok: layer2_320: 239170 B is under half the cap (5.7%)
  ok: layer2_640: a full-canvas copy encodes
  ok: layer2_640: 479050 B is under half the cap (11.4%)
  ok: lores: a full-canvas copy encodes
  ok: lores: 35568 B is under half the cap (0.8%)
  ok: lores_radastan: a full-canvas copy encodes
  ok: lores_radastan: 35577 B is under half the cap (0.8%)
  worst mode: layer2_640 at 479050 B (11.4% of 4194304 B)
--- map: a full map at the tile cap ---
  ok: the largest legal map encodes
  256x256 with 4096 tiles: 291879 B (27.8%)
  ok: the largest legal map is under half MAX_JSON_BYTES (27.8%)
  ok: the largest legal map decodes
  ok: every tile survives the round trip
  ok: the index grid survives the round trip
  ok: one tile past MAX_TILES is refused

ALL CHECKS PASSED

=== pen-map.test.js ===
  ok: nothing pressed resolves to no control
  ok: tip contact (buttons bit 1) is the tip
  ok: barrel (buttons bit 2) is the barrel
  ok: second barrel arrives as the middle bit (4)
  ok: eraser tail is bit 32, not a tip press
  ok: eraser wins over a simultaneous tip bit
  ok: upper button wins when a driver sends both barrel bits
  ok: button 2 with no buttons mask still reads as the barrel
  ok: button 0 with no buttons mask reads as the tip
  ok: a bare middle-button number (1) is not mistaken for a barrel
  ok: Apple Pencil presents nothing to assign
  ok: S Pen presents one barrel and no eraser
  ok: Surface Pen presents a barrel and an eraser tail
  ok: Wacom presents both barrels and the eraser
  ok: XP-Pen / Huion / Gaomon present two barrels, no eraser
  ok: an unknown profile id falls back to generic
  ok: generic honours a declared two-button pen with an eraser
  ok: generic honours a declared button-less pen
  ok: generic clamps a silly button count
  ok: a fixed profile ignores a custom shape
  ok: barrel defaults to the eyedropper it has always been
  ok: eraser tail defaults to erasing
  ok: second barrel defaults to the canvas menu
  ok: an assignment is honoured
  ok: an unknown assignment reads as nothing rather than throwing
  ok: the tip is never assignable — it always draws
  ok: an eraser press still acts even under a profile with no eraser
  ok: drawing actions are strokes
  ok: menu/undo/redo/swap/prevTool fire once on the press
  ok: nothing is not a stroke
  ok: defaultsFor covers exactly the profile's controls
  ok: defaultsFor maps each to its default action
  ok: an Apple Pencil has no defaults to write
  ok: action ids are unique
  ok: every action carries an i18n key
  ok: every profile carries a label or an i18n key
  ok: the vendor families expanded to a real, named model per profile (23)
  ok: every non-generic profile carries a vendor group for the dropdown
  ok: every alias resolves to a real, present profile, never generic
  ok: aliased apple/samsung/microsoft/wacom/xppen/gaomon controlsFor matches pre-split shape
  ok: aliased ids keep their old default actions too
  ok: huion and generic were not split and carry no alias
  ok: Wacom Pro Pen 3D has no eraser (the doc lists none)
  ok: Wacom Pro Pen 3D barrel2 defaults to Pan, not the shared Menu default
  ok: Wacom Pro Pen 3D barrel still defaults to something (menu)
  ok: every OTHER Wacom pen keeps the shared barrel2 default (menu), not pan
  ok: an explicit assignment still outranks a model's own default
  ok: all four Apple Pencil generations present nothing to assign
  ok: all three Samsung S Pen variants share one barrel, no eraser
  ok: the current Surface Pen and Slim Pen share one shape; the legacy pen adds a barrel

ALL CHECKS PASSED

=== png-quantize.test.js ===
  ok: dark red + dark white -> bank 0
  ok: paper is majority colour (white)
  ok: ink is minority colour (red)
  ok: bright white + black -> bright bank
  ok: bright paper index
  ok: majority bright white forces bright bank
  ok: red maps to bright red in-bank
  ok: majority dark red keeps bank 0
  ok: uniform cell -> ink === paper === blue
  ok: 32/32 tie -> lower index is paper
  ok: 32/32 tie -> higher index is ink
  ok: ink/paper tie renders as ink (all rows 0xFF)
  ok: red is ink, white is paper
  ok: mask rows 0-2 are ink (0xFF)
  ok: mask rows 3-7 are paper (0x00)
  ok: dithered mid-grey mixes ink and paper
  ok: undithered mid-grey is uniform

ALL CHECKS PASSED

=== preset-codec.test.js ===
  ok: there are nine slots
  ok: EVERY slot is keyed - the two constants must not drift apart
  ok: empty library has one entry per slot
  ok: slot 0 and the last slot are valid
  ok: out-of-range and non-integer slots are rejected
  ok: nine slots answer to the digits that name them
  ok: slot 1 is Alt+1
  ok: slot 9 is Alt+9
  ok: the LAST slot has a shortcut - there is no unkeyed remainder
  ok: the first slot past the end has none
  ok: an invalid slot has no shortcut
  ok: every shortcut names the slot it recalls
  ok: digit 1 recalls slot 1
  ok: digit 9 recalls slot 9
  ok: digit 0 recalls nothing — it keeps meaning zoom to actual size
  ok: every keyed slot is reachable by exactly one digit
  ok: a non-digit recalls nothing
  ok: a well-formed preset encodes
  ok: decode returns a preset
  ok: round trip preserves the name
  ok: round trip preserves the slot
  ok: round trip preserves the timestamps
  ok: round trip preserves every slice
  ok: round trip preserves the meta
  ok: a blank name falls back to one that still identifies the slot
  ok: an over-long name is clipped, not rejected
  ok: a description round-trips
  ok: no description is an empty string, not a missing key
  ok: an over-long description is clipped, not rejected
  ok: a non-string description is dropped rather than stored
  ok: a preset with no slices is rejected (it would recall nothing)
  ok: a preset in an impossible slot is rejected
  ok: a payload from another codec version is rejected
  ok: a non-object payload is rejected
  ok: a value that is not JSON-safe is rejected
  ok: a non-finite number is refused rather than stored as null
  ok: an unknown slice is dropped, the known ones survive
  ok: typed arrays travel as plain arrays
  ok: an image hashes to a key
  ok: the same image hashes to the same key
  ok: a different image hashes differently
  ok: a non-string hashes to null
  ok: a data:image URL is a valid asset
  ok: a non-image URL is refused as an asset
  ok: an over-sized image is refused
  ok: a preset with an image encodes to a file
  ok: the file decodes
  ok: the file carries the image
  ok: the file preserves the reference position
  ok: the file keeps the preset pointing at its image
  ok: a preset whose image did not travel keeps its transform and drops the key
  ok: a file without the magic string is refused
  ok: a file that is not JSON is refused
  ok: a non-string file input is refused

ALL CHECKS PASSED

=== preset-slices.test.js ===
  ok: every capturable option has a getter and a setter (61 keys, 1 opted out)
  ok: the schema still declares options to capture
  ok: opting out is used sparingly (content, not settings)
  ok: capture reads the brush schema
  ok: capture picks up size
  ok: capture picks up flow rate (the getter added for presets)
  ok: capture picks up the brush type
  ok: apply puts every captured value back
  ok: every registered brush type is preset-able (7 types)
  ok: a preset saved on the round brush comes back as round
  ok: a preset saved on the square brush comes back as square
  ok: a preset saved on the crosshatch brush comes back as crosshatch
  ok: a preset saved on the spray brush comes back as spray
  ok: a preset saved on the fade brush comes back as fade
  ok: a preset saved on the pattern brush comes back as pattern
  ok: a preset saved on the hatch brush comes back as hatch
  ok: the text tool opts its typed string out of presets
  ok: a range value above the current maximum is clamped, not applied raw
  ok: a range value below the current minimum is clamped
  ok: a range value that is not a number is refused
  ok: a select value that still exists is applied
  ok: a select value that no longer exists is refused
  ok: optgroup values are recognised
  ok: a dynamic list trusts the stored value (the machine decides what exists)
  ok: a checkbox only accepts booleans
  ok: every registry slice is known to the codec
  ok: every codec slice id is in the registry
  ok: the reference slice carries the image, not just the transform
  ok: the palette is not a slice
  ok: and the codec does not list it
  ok: no slice touches the document, so nothing a preset applies is undoable
  ok: a stored preset carrying a palette slice decodes without it, intact
  ok: every slice has a label key for the dialogs

ALL CHECKS PASSED

=== pressure-mapping.test.js ===
  ok: mapPressure: unset strength defaults to 100%, pressure 0 -> 0.5x
  ok: mapPressure: unset strength, pressure 0.5 (mid) is neutral -> 1.0x
  ok: mapPressure: unset strength, pressure 1 -> 1.5x
  ok: mapPressure: a light-but-not-zero touch already shrinks the brush
  ok: mapPressure: mapping is monotonic across the whole range
  ok: mapPressure: 0% strength has no effect anywhere in the range
  ok: mapPressure: 200% strength pushes firm pressure to roughly 2.0x
  ok: mapPressure: 200% strength never goes to zero or negative
  ok: mapPressure: pressure above 1.0 is clamped
  ok: mapPressure: pressure below 0.0 is clamped
  ok: mapPressure: strength above 200% is clamped to 200%

ALL CHECKS PASSED

=== recoil-parity.test.js ===
  ok: .atr imports as a standard screen
  ok: .atr attribute lands in the cell
  ok: .atr synthesizes the (x^y)&1 dither bitmap
  ok: .atr rejects other sizes
  ok: .bsc 11136 imports the screen core
  ok: .bsc 11904 imports as MULTICOLOR_8x4
  ok: .bsc 8×4 halves land on consecutive attr rows
  ok: .bsc rejects other sizes
  ok: .hlr imports as a GigaScreen pair
  ok: .hlr pattern bitmap + frame A attrs land
  ok: .hlr rejects a bad signature
  ok: .mg2 imports frame A as MULTICOLOR_8x2
  ok: .mg2 bitmap + linear attr rows land
  ok: .mg4 imports frame A as MULTICOLOR_8x4
  ok: .mg1 imports frame A as MULTICOLOR_8x1
  ok: .mg1 side columns expand across their cell row
  ok: .mg1 middle columns stay per-line
  ok: .zxp classic form imports as STANDARD_ULA
  ok: .zxp picture lands top-left with its attrs
  ok: .zxp blank remainder keeps 0x38
  ok: .zxp extended form imports as MULTICOLOR_8x1
  ok: .zxp with palette imports as ULA_PLUS
  ok: .zxp palette landed in the registers
  ok: .zxp export writes the classic identifier
  ok: .zxp classic round-trips through import
  ok: .zxp export uses the extended form for sub-cell modes
  ok: .zxp 8×2 exports round-trip via the extended form (as 8×1)
  ok: .zxp export refuses in indexed modes
  ok: reset to standard_ula for following suites

ALL CHECKS PASSED

=== scr-byte-identity.test.js ===
  ok: old export is one full screen
  ok: new export is one full screen
  ok: SCR export byte-identical to old app
  ok: seeded document is non-trivial

ALL CHECKS PASSED

=== scr-format.test.js ===
  ok: 6912-byte file parses
  ok: bitmap section passed through
  ok: attrs section passed through
  ok: 6144-byte file parses
  ok: bitmap imported
  ok: attrs default to 0x38
  ok: reject 100 bytes
  ok: reject 6913 bytes

ALL CHECKS PASSED

=== screen-mode.test.js ===
  ok: registry has the 8 classic (12a/12b) + 6 Next (13) modes
  ok: STANDARD_ULA: integral cell grid
  ok: STANDARD_ULA: attrSize = cols*rows
  ok: STANDARD_ULA: bitmapSize = w*h*depth/8
  ok: STANDARD_ULA: fileSize matches its container layout
  ok: STANDARD_ULA: id resolvable
  ok: STANDARD_ULA: has i18n key
  ok: MULTICOLOR_8x4: integral cell grid
  ok: MULTICOLOR_8x4: attrSize = cols*rows
  ok: MULTICOLOR_8x4: bitmapSize = w*h*depth/8
  ok: MULTICOLOR_8x4: fileSize matches its container layout
  ok: MULTICOLOR_8x4: id resolvable
  ok: MULTICOLOR_8x4: has i18n key
  ok: MULTICOLOR_8x2: integral cell grid
  ok: MULTICOLOR_8x2: attrSize = cols*rows
  ok: MULTICOLOR_8x2: bitmapSize = w*h*depth/8
  ok: MULTICOLOR_8x2: fileSize matches its container layout
  ok: MULTICOLOR_8x2: id resolvable
  ok: MULTICOLOR_8x2: has i18n key
  ok: MULTICOLOR_8x1: integral cell grid
  ok: MULTICOLOR_8x1: attrSize = cols*rows
  ok: MULTICOLOR_8x1: bitmapSize = w*h*depth/8
  ok: MULTICOLOR_8x1: fileSize matches its container layout
  ok: MULTICOLOR_8x1: id resolvable
  ok: MULTICOLOR_8x1: has i18n key
  ok: ULA_PLUS: integral cell grid
  ok: ULA_PLUS: attrSize = cols*rows
  ok: ULA_PLUS: bitmapSize = w*h*depth/8
  ok: ULA_PLUS: fileSize matches its container layout
  ok: ULA_PLUS: id resolvable
  ok: ULA_PLUS: has i18n key
  ok: ULA_PLUS_8x1: integral cell grid
  ok: ULA_PLUS_8x1: attrSize = cols*rows
  ok: ULA_PLUS_8x1: bitmapSize = w*h*depth/8
  ok: ULA_PLUS_8x1: fileSize matches its container layout
  ok: ULA_PLUS_8x1: id resolvable
  ok: ULA_PLUS_8x1: has i18n key
  ok: TIMEX_HIRES: integral cell grid
  ok: TIMEX_HIRES: attrSize = cols*rows
  ok: TIMEX_HIRES: bitmapSize = w*h*depth/8
  ok: TIMEX_HIRES: fileSize matches its container layout
  ok: TIMEX_HIRES: id resolvable
  ok: TIMEX_HIRES: has i18n key
  ok: GIGASCREEN: integral cell grid
  ok: GIGASCREEN: attrSize = cols*rows
  ok: GIGASCREEN: bitmapSize = w*h*depth/8
  ok: GIGASCREEN: fileSize matches its container layout
  ok: GIGASCREEN: id resolvable
  ok: GIGASCREEN: has i18n key
  ok: ULANEXT: integral cell grid
  ok: ULANEXT: attrSize = cols*rows
  ok: ULANEXT: bitmapSize = w*h*depth/8
  ok: ULANEXT: fileSize matches its container layout
  ok: ULANEXT: id resolvable
  ok: ULANEXT: has i18n key
  ok: LAYER2_256: integral cell grid
  ok: LAYER2_256: attrSize = cols*rows
  ok: LAYER2_256: bitmapSize = w*h*depth/8
  ok: LAYER2_256: fileSize matches its container layout
  ok: LAYER2_256: id resolvable
  ok: LAYER2_256: has i18n key
  ok: LAYER2_320: integral cell grid
  ok: LAYER2_320: attrSize = cols*rows
  ok: LAYER2_320: bitmapSize = w*h*depth/8
  ok: LAYER2_320: fileSize matches its container layout
  ok: LAYER2_320: id resolvable
  ok: LAYER2_320: has i18n key
  ok: LAYER2_640: integral cell grid
  ok: LAYER2_640: attrSize = cols*rows
  ok: LAYER2_640: bitmapSize = w*h*depth/8
  ok: LAYER2_640: fileSize matches its container layout
  ok: LAYER2_640: id resolvable
  ok: LAYER2_640: has i18n key
  ok: LORES: integral cell grid
  ok: LORES: attrSize = cols*rows
  ok: LORES: bitmapSize = w*h*depth/8
  ok: LORES: fileSize matches its container layout
  ok: LORES: id resolvable
  ok: LORES: has i18n key
  ok: LORES_RADASTAN: integral cell grid
  ok: LORES_RADASTAN: attrSize = cols*rows
  ok: LORES_RADASTAN: bitmapSize = w*h*depth/8
  ok: LORES_RADASTAN: fileSize matches its container layout
  ok: LORES_RADASTAN: id resolvable
  ok: LORES_RADASTAN: has i18n key
  ok: MULTICOLOR_8x1 native size is 12288
  ok: MULTICOLOR_8x2 native size is 9216
  ok: MULTICOLOR_8x4 native size is 7680
  ok: ULA_PLUS native size is 6976
  ok: ULA_PLUS_8x1 native size is 12352
  ok: TIMEX_HIRES native size is 12289
  ok: GIGASCREEN native size is 13824
  ok: boot default is STANDARD_ULA
  ok: ZX_SPECTRUM view: 8x8 boot geometry
  ok: setter redirects ACTIVE_SCREEN_MODE
  ok: ZX_SPECTRUM view is live
  ok: ZX_COORDS is live
  ok: setter switches back
  ok: setter rejects unknown ids
  ok: registerToRGB(0xFF) = white
  ok: registerToRGB(0x00) = black
  ok: registerToRGB(0x03) = full blue
  ok: registerToRGB(0x1C) = full red
  ok: registerToRGB(0xE0) = full green
  ok: registerToRGB 3-bit mid level matches RECOIL
  ok: rgbToRegister round-trips full values
  ok: registerToHex formats
  ok: defaultRegisters: 64 entries
  ok: default: CLUT layout = flash*2+bright (CLUT1 = bright white 0xFF)
  ok: default: ink half mirrors paper half
  ok: default: CLUT2 (flash, non-bright) equals CLUT0
  ok: default: non-bright distinct from bright
  ok: default: black is black in every CLUT
  ok: refine: row count 192
  ok: refine: pixels are 1 row each
  ok: refine: attrs replicated down the cell
  ok: refine: pixel rows distributed
  ok: coarsen(refine(x)) === x for uniform cells
  ok: coarsen: most frequent attr wins
  ok: coarsen: tie goes to first occurrence
  ok: coarsen: unaltered cells do not vote
  ok: coarsen: any altered -> altered
  ok: coarsen: fully unaltered group stays unaltered
  ok: same-geometry convert deep-copies
  ok: refine is not lossy
  ok: coarsen is lossy
  ok: 8x1->8x4 (coarser) is lossy
  ok: standard->ULAplus is not lossy
  ok: standard: cell carries the drawn attr
  ok: switchMode to 8×1 returns true
  ok: SCREEN_MODE_CHANGED emitted with prev/next
  ok: switch: geometry live
  ok: switch: layer grid converted
  ok: switch: pixel content preserved
  ok: switch: attrs preserved on the drawn line
  ok: 8×1: neighbouring line holds a different ink
  ok: undo restores the previous mode
  ok: undo restores previous-geometry content
  ok: redo re-applies the mode switch
  ok: same-mode switch is a no-op

ALL CHECKS PASSED

=== shape-fills.test.js ===
  ok: gear: the cog has 4 vertices per tooth (outer, outer, inner, inner)
  ok: gear: fill and outline are cut from one vertex list
  ok: gear: a filled gear has a bore
  ok: gear: filled and outline cover the same extent
  ok: gear: every tooth count from 3 to 16 fills with a bore
  ok: bowtie 9x9: filled waist is narrower than its ends (waist 2, ends 8)
  ok: bowtie 13x13: filled waist is narrower than its ends (waist 2, ends 12)
  ok: bowtie 25x25: filled waist is narrower than its ends (waist 2, ends 24)
  ok: bowtie 41x41: filled waist is narrower than its ends (waist 2, ends 40)
  ok: bowtie: a filled bowtie is not a solid rectangle
  ok: moon: the crescent is connected at every radius from 2 to 64
  ok: moon: connected at every phase and drag direction
  ok: moon: the crescent is bitten out of its own disc
  ok: rounded-rect: the corner grows with the box
  ok: rounded-rect: a 17 px box has a corner deeper than one pixel (got 3)
  ok: rounded-rect: fills its box exactly and never rounds past its own half
  ok: rounded-rect: keeps a straight edge between its corners
  ok: fills reach the last row and column of the screen mode

ALL CHECKS PASSED

=== shape-icons.test.js ===
  ok: every list entry is a shape or carries a sprite icon
  ok: line: draws something recognisable (>= 15 px)
  ok: line: stays inside the box
  ok: line: fills the box (25x25 of 25)
  ok: rectangle: draws something recognisable (>= 15 px)
  ok: rectangle: stays inside the box
  ok: rectangle: fills the box (25x17 of 25)
  ok: square: draws something recognisable (>= 15 px)
  ok: square: stays inside the box
  ok: square: fills the box (25x25 of 25)
  ok: rounded-rectangle: draws something recognisable (>= 15 px)
  ok: rounded-rectangle: stays inside the box
  ok: rounded-rectangle: fills the box (25x25 of 25)
  ok: circle: draws something recognisable (>= 15 px)
  ok: circle: stays inside the box
  ok: circle: fills the box (25x25 of 25)
  ok: ellipse: draws something recognisable (>= 15 px)
  ok: ellipse: stays inside the box
  ok: ellipse: fills the box (25x17 of 25)
  ok: arc: draws something recognisable (>= 15 px)
  ok: arc: stays inside the box
  ok: arc: fills the box (25x13 of 25)
  ok: sector: draws something recognisable (>= 15 px)
  ok: sector: stays inside the box
  ok: sector: fills the box (25x18 of 25)
  ok: ring: draws something recognisable (>= 15 px)
  ok: ring: stays inside the box
  ok: ring: fills the box (25x25 of 25)
  ok: triangle: draws something recognisable (>= 15 px)
  ok: triangle: stays inside the box
  ok: triangle: fills the box (25x21 of 25)
  ok: diamond: draws something recognisable (>= 15 px)
  ok: diamond: stays inside the box
  ok: diamond: fills the box (25x25 of 25)
  ok: parallelogram: draws something recognisable (>= 15 px)
  ok: parallelogram: stays inside the box
  ok: parallelogram: fills the box (25x25 of 25)
  ok: pentagon: draws something recognisable (>= 15 px)
  ok: pentagon: stays inside the box
  ok: pentagon: fills the box (23x23 of 25)
  ok: hexagon: draws something recognisable (>= 15 px)
  ok: hexagon: stays inside the box
  ok: hexagon: fills the box (21x25 of 25)
  ok: heptagon: draws something recognisable (>= 15 px)
  ok: heptagon: stays inside the box
  ok: heptagon: fills the box (25x24 of 25)
  ok: octagon: draws something recognisable (>= 15 px)
  ok: octagon: stays inside the box
  ok: octagon: fills the box (25x25 of 25)
  ok: nonagon: draws something recognisable (>= 15 px)
  ok: nonagon: stays inside the box
  ok: nonagon: fills the box (25x24 of 25)
  ok: decagon: draws something recognisable (>= 15 px)
  ok: decagon: stays inside the box
  ok: decagon: fills the box (23x25 of 25)
  ok: dodecagon: draws something recognisable (>= 15 px)
  ok: dodecagon: stays inside the box
  ok: dodecagon: fills the box (25x25 of 25)
  ok: x: draws something recognisable (>= 15 px)
  ok: x: stays inside the box
  ok: x: fills the box (25x25 of 25)
  ok: heart: draws something recognisable (>= 15 px)
  ok: heart: stays inside the box
  ok: heart: fills the box (25x22 of 25)
  ok: star: draws something recognisable (>= 15 px)
  ok: star: stays inside the box
  ok: star: fills the box (23x23 of 25)
  ok: arrow: draws something recognisable (>= 15 px)
  ok: arrow: stays inside the box
  ok: arrow: fills the box (25x13 of 25)
  ok: house: draws something recognisable (>= 15 px)
  ok: house: stays inside the box
  ok: house: fills the box (17x21 of 25)
  ok: moon: draws something recognisable (>= 15 px)
  ok: moon: stays inside the box
  ok: moon: fills the box (22x25 of 25)
  ok: flower: draws something recognisable (>= 15 px)
  ok: flower: stays inside the box
  ok: flower: fills the box (23x25 of 25)
  ok: gear: draws something recognisable (>= 15 px)
  ok: gear: stays inside the box
  ok: gear: fills the box (19x19 of 25)
  ok: spiral: draws something recognisable (>= 15 px)
  ok: spiral: stays inside the box
  ok: spiral: fills the box (23x21 of 25)
  ok: bowtie: draws something recognisable (>= 15 px)
  ok: bowtie: stays inside the box
  ok: bowtie: fills the box (25x25 of 25)
  ok: hourglass: draws something recognisable (>= 15 px)
  ok: hourglass: stays inside the box
  ok: hourglass: fills the box (25x25 of 25)
  ok: no two shapes render the same icon
  ok: rectangle is not drawn as a square
  ok: ellipse is not drawn as a circle
  ok: pentagon: prints its side count
  ok: pentagon: the outline itself has a clear middle
  ok: hexagon: prints its side count
  ok: hexagon: the outline itself has a clear middle
  ok: heptagon: prints its side count
  ok: heptagon: the outline itself has a clear middle
  ok: octagon: prints its side count
  ok: octagon: the outline itself has a clear middle
  ok: nonagon: prints its side count
  ok: nonagon: the outline itself has a clear middle
  ok: decagon: prints its side count
  ok: decagon: the outline itself has a clear middle
  ok: dodecagon: prints its side count
  ok: dodecagon: the outline itself has a clear middle
  ok: 10 and 12 are told apart by their numerals
  ok: flower: the icon is drawn for this size, not rastered at it
  ok: flower: has its centre
  ok: gear: the icon is drawn for this size, not rastered at it
  ok: gear: has its centre
  ok: empty set gives empty path
  ok: single pixel is one 1x1 subpath
  ok: a horizontal run becomes ONE subpath
  ok: a gap breaks the run
  ok: rows are separate subpaths
  ok: unsorted input is handled
  ok: no icon comes out as an empty path
  ok: star points reach the generator
  ok: gear teeth reach the generator
  ok: spiral turns reach the generator
  ok: flower petals reach the generator
  ok: ring inner radius reaches the generator
  ok: moon phase reaches the generator
  ok: arc sweep reaches the generator
  ok: star points clamp high
  ok: star points clamp low
  ok: arc sweep clamps high
  ok: ring inner clamps low
  ok: arc arrives as a half circle
  ok: sector arrives as a quarter wedge
  ok: re-picking the SAME shape keeps a dialled sweep

ALL CHECKS PASSED

=== shape-rasters.test.js ===
  ok: rounded-rect: generates points
  ok: rounded-rect: stays inside its bounds
  ok: rounded-rect: sharp corners are cut
  ok: rounded-rect: top edge midpoint present
  ok: rounded-rect: bottom edge midpoint present
  ok: rounded-rect: left edge midpoint present
  ok: rounded-rect: right edge midpoint present
  ok: rounded-rect filled: has interior points
  ok: rounded-rect filled: more points than outline
  ok: rounded-rect filled: stays inside its bounds
  ok: rounded-rect: degenerate bounds fall back cleanly
  ok: parallelogram: generates points
  ok: parallelogram: stays inside its bounds
  ok: parallelogram: top-left corner is exact (the press point)
  ok: parallelogram: bottom-right corner is exact (the release point)
  ok: parallelogram: top-right corner is skewed
  ok: parallelogram: bottom-left corner is skewed
  ok: parallelogram (mirrored diagonal): top-right corner is exact (the press point)
  ok: parallelogram (mirrored diagonal): bottom-left corner is exact (the release point)
  ok: parallelogram (mirrored diagonal): top-left corner is skewed
  ok: parallelogram (mirrored diagonal): bottom-right corner is skewed
  ok: parallelogram filled: has interior points
  ok: parallelogram filled: more points than outline
  ok: TOOLS carries the two new variant ids
  ok: selectTool(rounded-rectangle) routes onto ShapeTool
  ok: selectTool(parallelogram) routes onto ShapeTool
  ok: options select lists rounded-rectangle
  ok: options select lists parallelogram
  ok: every options-select shape has a generator, unless it IS another tool
  ok: the curve is offered in the shape list as a tool switch

ALL CHECKS PASSED

=== sna-format.test.js ===
  ok: 49179-byte SNA parses
  ok: 49179-byte SNA screen extracted at offset 27
  ok: 131103-byte SNA parses
  ok: 131103-byte SNA screen extracted at offset 27
  ok: 147487-byte SNA parses
  ok: 147487-byte SNA screen extracted at offset 27
  ok: reject wrong size

ALL CHECKS PASSED

=== stamp-draw-mode.test.js ===
  ok: ink mode: pixel bits unchanged (no shape placed)
  ok: ink mode: ink recoloured to selection
  ok: ink mode: paper left as it was (6)
  ok: ink mode: bright/flash taken from selection
  ok: paper mode: pixel bits unchanged (no shape placed)
  ok: paper mode: paper recoloured to selection
  ok: paper mode: ink left as it was (2)
  ok: pixel_only mode: the stamp shape IS placed (bits now fully set)
  ok: pixel_only mode: attributes untouched (still 2/6, not the selection 5/1)
  ok: xor mode: top half (was ink) toggled OFF
  ok: xor mode: bottom half (was paper) toggled ON
  ok: xor mode: attributes overwritten by selection
  ok: normal mode: shape placed
  ok: normal mode: ink from selection

ALL CHECKS PASSED

=== stamp-xor.test.js ===
  ok: stamp/xor: drag lays a continuous trail, not self-cancelling fragments
  ok: stamp/xor: full swept band is filled (8 x 28)
  ok: stamp/xor: re-dragging the same path XORs the trail back to blank

ALL CHECKS PASSED

=== symmetry-draw.test.js ===
  ok: state: symmetry mode set/get
  ok: state: invalid mode coerced to off
  ok: mirror points h: single point across vertical axis
  ok: mirror points quad: three counterparts
  ok: h: original pixel set
  ok: h: mirrored pixel set
  ok: h: no vertical mirror
  ok: v: original + vertical mirror set
  ok: v: no horizontal mirror
  ok: quad: all four quadrant pixels set
  ok: quad erase: all four quadrant pixels cleared
  ok: brush stroke: original side drawn
  ok: brush stroke: mirrored side drawn
  ok: undo: one action for original + mirror
  ok: undo: both sides present before undo
  ok: undo: one undo reverts both sides
  ok: suspendMirror: original only
  ok: suspendMirror: depth restored (later draws mirror again)
  ok: options.mirror=false: original only

ALL CHECKS PASSED

=== tap-format.test.js ===
  ok: file consumed exactly by block walk
  ok: 4 blocks
  ok: block 0 checksum
  ok: block 1 checksum
  ok: block 2 checksum
  ok: block 3 checksum
  ok: hdr1 flag 0x00 / Program / 17 bytes
  ok: hdr1 name
  ok: hdr1 autostart 10, vars offset = length
  ok: data1 flag 0xFF, length matches header
  ok: line number 10 big-endian
  ok: line length field
  ok: tokenized loader bytes exact
  ok: hdr2 Bytes/6912/16384/32768
  ok: screen payload matches source
  ok: parse round-trip
  ok: parse skips non-screen blocks
  ok: parse reports missing screen
  ok: border clamps without throwing
  ok: TAP canExport true in standard_ula
  ok: TAP canExport true in ula_plus
  ok: TAP canExport false in multicolor_8x1
  ok: TAP export throws when canExport is false

ALL CHECKS PASSED

=== tape-blocks.test.js ===
  ok: TAP listBlocks succeeds
  ok: TAP: 4 blocks
  ok: TAP: kinds header/data/header/data
  ok: TAP: header names decoded
  ok: TAP: header types Program(0) and Bytes(3)
  ok: TAP: Bytes header params (16384, len 6912)
  ok: TAP: only the CODE data block is a screen
  ok: TAP: offsets/lengths tile the file exactly
  ok: TAP: serialize(list) is byte-identical
  ok: TAP: edited tape reparses
  ok: TAP: loadScreenBlock feeds SCRFormat the exact screen bytes
  ok: TAP: buildScreenBlockPair matches export()-produced blocks
  ok: TAP: stray trailing byte rejected
  ok: TAP: truncated block rejected
  ok: TZX listBlocks succeeds
  ok: TZX: 10-byte signature header preserved
  ok: TZX: 4 standard speed blocks
  ok: TZX: embedded TAP metadata decoded
  ok: TZX: serialize(list) is byte-identical
  ok: TZX: loadScreenBlock feeds SCRFormat the exact screen bytes
  ok: TZX: buildScreenBlockPair matches export()-produced blocks
  ok: TZX: mixed-block tape walks fully
  ok: TZX: non-data blocks keep kind tzx and no screen flag
  ok: TZX: screen still found among mixed blocks
  ok: TZX: mixed-block serialize byte-identical
  ok: TZX: reordered tape reparses with screen first
  ok: TZX: legacy parse() loads the edited tape
  ok: TZX: bad signature rejected
  ok: TZX: unknown block ID rejected conservatively
  ok: TZX: truncated block rejected

ALL CHECKS PASSED

=== text-mask-ops.test.js ===
  ok: rotate 0: identity
  ok: rotate 90: dims swap (3x2 -> 2x3)
  ok: rotate 90: pixel mapping
  ok: rotate 180: dims preserved
  ok: rotate 180: pixel mapping
  ok: rotate 180 twice = identity
  ok: rotate 270 = three quarter turns
  ok: rotate 360 = identity
  ok: shadow: grows by the offset (3x2 -> 4x3)
  ok: shadow: glyph pixels kept at origin
  ok: shadow: offset copy present
  ok: shadow: OR semantics — no pixel lost
  ok: shadow: empty corner stays empty
  ok: outline: 1x1 glyph -> 3x3 ring
  ok: outline: glyph interior is hollow
  ok: outline: all 8 neighbours set
  ok: outline: original glyph pixels always hollow
  ok: process: equals manual outline->shadow->rotate chain
  ok: process: no options = identity
  ok: process: default shadow offset scales with mask height
  ok: rotate/shadow/outline: empty mask passthrough

ALL CHECKS PASSED

=== text-tool-stamp-handoff.test.js ===
  ok: hovering with Text active starts its OWN stamp instead of moving a foreign floating paste
  ok: the floating stamp now belongs to the text tool (fontInfo set)
  ok: hovering again over its own live stamp just moves it, not re-created
  ok: clicking with Text active while a foreign stamp floats starts a new text stamp

ALL CHECKS PASSED

=== tool-footprint.test.js ===
  ok: BrushTool: getFootprint returns null or a non-empty {x,y} list
  ok: EraserTool: getFootprint returns null or a non-empty {x,y} list
  ok: FillTool: getFootprint returns null or a non-empty {x,y} list
  ok: ShapeTool: getFootprint returns null or a non-empty {x,y} list
  ok: BezierTool: getFootprint returns null or a non-empty {x,y} list
  ok: EyedropperTool: getFootprint returns null or a non-empty {x,y} list
  ok: SelectionTool: getFootprint returns null or a non-empty {x,y} list
  ok: GradientTool: getFootprint returns null or a non-empty {x,y} list
  ok: TextTool: getFootprint returns null or a non-empty {x,y} list
  ok: MoveTool: getFootprint returns null or a non-empty {x,y} list
  ok: ZoomTool: getFootprint returns null or a non-empty {x,y} list
  ok: PatternCreatorTool: getFootprint returns null or a non-empty {x,y} list
  ok: MoveTool: opts out of the footprint outline (null)
  ok: ZoomTool: opts out of the footprint outline (null)
  ok: GradientTool: opts out of the footprint outline (null)
  ok: PatternCreatorTool: opts out of the footprint outline (null)
  ok: FillTool: single-pixel footprint at the cursor
  ok: EyedropperTool: single-pixel footprint at the cursor
  ok: SelectionTool: single-pixel footprint at the cursor
  ok: eraser size 1: footprint === the pixels the erase writes
  ok: eraser size 2: footprint === the pixels the erase writes
  ok: eraser size 5: footprint === the pixels the erase writes
  ok: eraser size 8: footprint === the pixels the erase writes
  ok: eraser size 17: footprint === the pixels the erase writes
  ok: eraser size 32: footprint === the pixels the erase writes
  ok: eraser size 64: footprint === the pixels the erase writes
  ok: eraser size 128: footprint === the pixels the erase writes
  ok: eraser: 128 is the largest size the slider offers
  ok: eraser size 8: a drag clears exactly the union of its footprints
  ok: eraser size 8: a drag draws each pixel once
  ok: eraser size 128: a drag clears exactly the union of its footprints
  ok: eraser size 128: a drag draws each pixel once
  ok: brush round size 1: footprint === the pixels the stroke writes
  ok: brush round size 4: footprint === the pixels the stroke writes
  ok: brush round size 9: footprint === the pixels the stroke writes
  ok: brush round size 32: footprint === the pixels the stroke writes
  ok: brush square size 1: footprint === the pixels the stroke writes
  ok: brush square size 4: footprint === the pixels the stroke writes
  ok: brush square size 9: footprint === the pixels the stroke writes
  ok: brush square size 32: footprint === the pixels the stroke writes
  ok: brush spray: footprint envelope contains every pixel it scatters
  ok: brush crosshatch: footprint envelope contains every pixel it scatters
  ok: brush hatch: footprint envelope contains every pixel it scatters
  ok: brush spray (poisson): footprint envelope contains every pixel it scatters
  ok: brush spray (poisson, round): footprint is smaller than the size^2 box
  ok: brush spray (poisson, round): disc footprint contains every pixel it scatters
  ok: brush spray weighting -100: every particle lands inside the outline
  ok: brush spray weighting 0: every particle lands inside the outline
  ok: brush spray weighting 100: every particle lands inside the outline
  ok: shape thickness 1: footprint === ShapeGenerator's nib
  ok: shape thickness 3: footprint === ShapeGenerator's nib
  ok: shape thickness 8: footprint === ShapeGenerator's nib
  ok: bezier: footprint while idle is the nib
  ok: bezier: no footprint once it owns the preview canvas (edit phase)
  ok: boundary: a solid 5x5 block outlines to its 16-pixel rim
  ok: boundary: a sparse set is all boundary (nothing is interior)
  ok: boundary: off-canvas members are dropped, not aliased into the row above
  ok: boundary: a set clipped by the canvas edge boundaries at that edge
  ok: boundary: empty input is empty output

ALL CHECKS PASSED

=== tool-option-fixes.test.js ===
  ok: shape/line: thickness reaches the raster (6px 449 > 1px 61)
  ok: shape/rectangle: outline thickness thickens the border (1196 > 240)
  ok: shape/rectangle: thickness is ignored when filled (fill unaffected)
  ok: shape: thickness uses a compound (any) showIf
  ok: shape: "Filled" hidden for line/arc/spiral/x
  ok: shape: dead "border" row removed
  ok: shape: dead border getter/setter removed
  ok: gradient: _dithered defaults ON (matches schema)
  ok: gradient: Dithered OFF is a hard threshold (uniform at pos 0.5)
  ok: gradient: Dithered ON varies across pixels (Bayer)
  ok: text: Bold thickens the bitmap mask (90 > 58)
  ok: text: Italic shears/widens the bitmap mask (26 > 24)
  ok: brush: Flow is shown only for scattering brushes (+ fade delegate)
  ok: brush: Build up is shown only for scattering brushes (+ fade delegate)
  ok: brush: Distribution is shown for spray only (+ fade delegate)
  ok: brush: Weighting is shown for spray + uniform distribution only
  ok: brush: Min spacing is shown for spray + poisson distribution only
  ok: brush: type selector offers only round/square (the rest are rail buttons)
  ok: brush: the Round/Square selector hides once a variant type is active
  ok: brush: the retired stipple id aliases to spray
  ok: brush: the retired stipple-poisson id aliases to spray
  ok: fill: no per-tool drawMode option (moved to global top bar)
  ok: fill: attribute flood fill is an option, not a global draw mode
  ok: fill: Allow diagonal needs contiguous, and a pixel flood
  ok: gradient: Shape hidden while Shape-fill (constraint) is on
  ok: gradient: Dither grain hidden when Dithered is off

ALL CHECKS PASSED

=== tool-presets.test.js ===
  ok: a tool preset needs a tool id
  ok: a tool preset needs at least one option
  ok: a tool preset needs a name — there is no useful default for one
  ok: a valid tool preset encodes, with its name trimmed
  ok: encoding stamps both timestamps
  ok: an over-long name is cut to MAX_NAME, not refused
  ok: a library round-trips through its record form
  ok: a record from another version decodes to nothing rather than to junk
  ok: a record is read as the KEY says, whatever it claims to be
  ok: an unusable entry is dropped without taking the list with it
  ok: a tool with options supports presets
  ok: a tool with an empty schema does not (eyedropper)
  ok: nor does one whose schema is only a hint row (move)
  ok: but a tool with a single real option does — zoom has zoomLevel
  ok: an unknown tool does not
  ok: saving returns the stored preset
  ok: it lists under its own tool
  ok: and under no other
  ok: a second preset appends
  ok: applying puts the options back
  ok: applying an unknown name does nothing and says so
  ok: names are matched case- and space-insensitively
  ok: two tools may each hold the same NAME
  ok: and loading that name on the brush loads the BRUSH one
  ok: the eraser is untouched by the brush entry of the same name
  ok: a rail variant files under its own id, not its class
  ok: applying spray's size while pattern is active writes SPRAY's own family
  ok: ...and does not touch pattern's own remembered size
  ok: pattern is still the active type, still showing its own untouched size
  ok: switching to spray afterward shows the size that was targeted at it
  ok: re-saving a name replaces it in place rather than adding a twin
  ok: the replacement keeps its original created date
  ok: and holds the NEW options
  ok: it also keeps its position in the list
  ok: renaming to a name the tool already holds is refused
  ok: renaming to a free name works
  ok: the old name is gone
  ok: the new one is there, with the same options
  ok: deleting removes just that one
  ok: deleting what is not there reports so
  ok: the suggested name avoids the ones already taken
  ok: and keeps avoiding them as they fill up
  ok: every tool that had presets has them again
  ok: a restored preset carries its options
  ok: a tool that never had any comes back empty, not undefined
  ok: a tool emptied of presets stores nothing at all
  ok: a stored value out of the slider's current range is clamped on apply
  ok: a stored select value the build no longer offers is skipped, not forced
  ok: reference is a scope, and it is not a tool
  ok: with no image loaded there is nothing to capture
  ok: but the scope still EXISTS, so its panel keeps its controls
  ok: a tool with no options has no scope either way
  ok: saving with no image saves nothing
  ok: with an image there is something to capture
  ok: a reference preset saves
  ok: it carries the placement, not the picture, in its own record
  ok: and points at the picture by content key
  ok: the picture itself is in the asset store
  ok: loading restores the placement
  ok: and the picture it was placed against
  ok: two presets tracing one photo store it once
  ok: and both are listed under reference
  ok: the reference list is offered to no tool
  ok: saving an unrelated preset does not sweep away the reference picture
  ok: deleting one of two presets sharing a picture keeps the picture
  ok: deleting the last one that referenced it drops the picture
  ok: reference presets are restored at boot like any other scope
  ok: and still point at their picture

ALL CHECKS PASSED

=== tools-draw.test.js ===
  ok: brush-tool.js: global BrushTool exposed with static optionsSchema[]
  ok: eraser-tool.js: global EraserTool exposed with static optionsSchema[]
  ok: fill-tool.js: global FillTool exposed with static optionsSchema[]
  ok: shape-tool.js: global ShapeTool exposed with static optionsSchema[]
  ok: bezier-tool.js: global BezierTool exposed with static optionsSchema[]
  ok: eyedropper-tool.js: global EyedropperTool exposed with static optionsSchema[]
  ok: selection-tool.js: global SelectionTool exposed with static optionsSchema[]
  ok: gradient-tool.js: global GradientTool exposed with static optionsSchema[]
  ok: text-tool.js: global TextTool exposed with static optionsSchema[]
  ok: move-tool.js: global MoveTool exposed with static optionsSchema[]
  ok: zoom-tool.js: global ZoomTool exposed with static optionsSchema[]
  ok: pattern-creator-tool.js: global PatternCreatorTool exposed with static optionsSchema[]
  ok: schema entries carry key or slot/hint type
  ok: 12 tools registered
  ok: default tool is brush
  ok: brush: stroke start pixel set
  ok: brush: interpolated pixel set
  ok: brush: stroke end pixel set
  ok: brush: right-click erases
  ok: eraser: clears the pixel
  ok: rectangle: corner pixels set
  ok: rectangle: edge pixel set
  ok: rectangle: interior stays empty (outline mode)
  ok: variant: selectTool("line") routes to ShapeTool
  ok: line: endpoints + midpoint set
  ok: variant: selectTool("circle") sets shapeType
  ok: circle: edge pixels on the radius
  ok: circle: centre stays empty
  ok: bezier: anchors drawn after commit
  ok: bezier: curve bends toward the dragged handle
  ok: bezier: tool state reset after commit
  ok: fill: interior flooded
  ok: fill: does not leak past the border
  ok: eyedropper: a plain click picks a selection (ink+paper together), not a single setInk
  ok: eyedropper: plain click picks the cell's INK, not the current selection's
  ok: eyedropper: plain click picks the cell's PAPER too, not just ink
  ok: eyedropper: right-click ALSO picks ink+paper together, not paper alone
  ok: spray: rail id selects the brush tool with the spray type
  ok: spray: particles landed inside radius
  ok: gradient: committed ink pixels inside rect
  ok: gradient: density rises along the axis
  ok: gradient setup: pre-existing pixel is ink before the gradient runs
  ok: gradient: pre-existing ink under the gradient's paper half survives (additive, not replaced)
  ok: gradient: the ink half still gets drawn
  ok: text: floating stamp created from 8×8 ZX ROM mask
  ok: text: mask contains glyph pixels
  ok: selection: normalized rect committed
  ok: move: dragging pans the viewport scroll
  ok: move: grab cursor restored on release
  ok: zoom: left-click steps the ladder up (100 -> 200)
  ok: zoom: EVENTS.CANVAS_ZOOM emitted with new zoom
  ok: zoom: right-click steps the ladder down (200 -> 100)
  ok: zoom: fitToWindow picks the largest level that fits with headroom
  ok: pattern creator: activates without PatternCreatorPanel

ALL CHECKS PASSED

=== touch-policy.test.js ===
  ok: with nothing else in the way, a finger draws
  ok: switch off, a finger navigates instead of drawing
  ok: the switch does not care what the pen did long ago
  ok: a pen contact in flight drops the touch entirely
  ok: a mouse button down drops the touch entirely
  ok: a touch stroke in flight is NOT a reason to reject (second finger = pinch)
  ok: layer 1 can be switched off on its own
  ok: a touch inside the lockout window is dropped
  ok: a touch just outside the window draws
  ok: the window boundary is exclusive: exactly lockoutMs later is allowed
  ok: lockoutMs 0 disables the window entirely
  ok: a longer window catches a palm the 500ms default would have missed
  ok: a pen contact beats the off switch: ignore, not navigate
  ok: the lockout window beats the off switch: ignore, not navigate
  ok: remaining is the unspent part of the window
  ok: remaining is 0 once the window has passed
  ok: remaining is 0 when the window is switched off
  ok: a backwards clock jump keeps the window shut
  ok: a sane value passes through
  ok: a string from a number input is parsed
  ok: nonsense falls back to the default
  ok: undefined falls back to the default
  ok: an over-range value is clamped to the field maximum
  ok: a negative value clamps to 0 (the window off), not to the default
  ok: touch draws out of the box (a tablet with no pen must just work)
  ok: the no-double-touch layer is on out of the box
  ok: the default window is the value the hardcoded palm guard used

ALL CHECKS PASSED

=== transform-shift.test.js ===
  ok: wrap left: pixel at x=0 rolls to the right edge
  ok: wrap left: origin vacated
  ok: wrap left: exactly one ink pixel in the row
  ok: no-wrap right: pixel at right edge scrolls out
  ok: no-wrap left: pixel at left edge scrolls out
  ok: no-wrap left: nothing wrapped to the right edge
  ok: no-wrap left by 3: interior pixel lands at x=7
  ok: no-wrap left by 3: source vacated
  ok: no-wrap left by 3: exactly one ink pixel in the row
  ok: row cleaned
  ok: no-wrap up: pixel at top edge scrolls out
  ok: no-wrap up by 2: bottom pixel lands two rows higher
  ok: no-wrap up by 2: bottom row vacated
  ok: setup: cell (5,5) has paper 6
  ok: no-wrap: vacated cell keeps its paper
  ok: no-wrap: vacated cell has no ink pixel
  ok: no-wrap: ink arrived one cell right

ALL CHECKS PASSED

=== tzx-format.test.js ===
  ok: signature
  ok: version 1.20
  ok: block at 10 is ID 0x10
  ok: block at 34 is ID 0x10
  ok: block at 88 is ID 0x10
  ok: block at 112 is ID 0x10
  ok: file consumed exactly
  ok: 4 data blocks
  ok: body 0 checksum
  ok: body 1 checksum
  ok: body 2 checksum
  ok: body 3 checksum
  ok: body 3 is the screen
  ok: TZX bodies identical to TAP bodies
  ok: parse round-trip
  ok: parse skips non-screen TZX blocks
  ok: parse skips custom info block (0x35)
  ok: reject bad signature
  ok: report missing screen
  ok: TZX canExport false in multicolor_8x1
  ok: TZX canExport true in standard_ula

ALL CHECKS PASSED

=== zed-sev-format.test.js ===
  ok: SEV: signature Sev\0
  ok: SEV: version 0.8
  ok: SEV: P1=1 plain, P2=0 single frame (LE)
  ok: SEV: SX=256 SY=192 little-endian
  ok: SEV: file length 14 + 768*9
  ok: SEV: cell 0 bitmap rows in linear order
  ok: SEV: cell 0 attribute follows its bitmap
  ok: SEV: cells advance row-major
  ok: SEV: decode succeeds
  ok: SEV: full-screen round-trip byte-identical
  ok: SEV: parse() feeds SCRFormat the round-tripped screen
  ok: SEV: small graphic decodes
  ok: SEV: small graphic lands at top-left with stored attrs
  ok: SEV: rest of screen keeps default attr 0x38
  ok: SEV: masked file decodes ignoring the mask
  ok: SEV: multi-frame file uses frame 1 only
  ok: SEV: v0.0 accepted
  ok: SEV: bad signature rejected
  ok: SEV: unknown version rejected
  ok: SEV: oversize SX rejected
  ok: SEV: truncated file rejected
  ok: ZED: signature is the exact 53-byte string
  ok: ZED: version "1.00" then 0x1A
  ok: ZED: line count 24 (LE)
  ok: ZED: first line size 320 = 32 coloured blocks
  ok: ZED: first block is #29 with cell-0 pixels + attr
  ok: ZED: total length 58 + 2 + 24*(2+320)
  ok: ZED: decode succeeds
  ok: ZED: full-screen round-trip byte-identical
  ok: ZED: parse() feeds SCRFormat the round-tripped screen
  ok: ZED: mixed document decodes
  ok: ZED: text/control codes advance the cursor — block lands at cell 2
  ok: ZED: transparent block keeps default attr
  ok: ZED: untouched cells stay blank with default attr
  ok: ZED: bad signature rejected
  ok: ZED: text-only document rejected as an image
  ok: ZED canExport false in multicolor_8x2
  ok: SEV canExport false in multicolor_8x2
  ok: ZED canExport true in standard_ula
  ok: SEV canExport true in standard_ula

ALL CHECKS PASSED

=== zxm-format.test.js ===
  ok: file starts with the [Base ZXP picture] section
  ok: base picture carries the ZXP identifier
  ok: identifier is followed by a blank line
  ok: base bitmap is 192 rows of 256 pixel chars
  ok: base attributes are 24 rows of 32 hex bytes
  ok: tile at (0,0) renders its attr into the base picture
  ok: empty cells render the default attr 38
  ok: one [Map ZXP picture] section per tile
  ok: one [Map positions] section per tile
  ok: positions are cell-aligned pixel coordinates in [x,y] form
  ok: file ends with [End of file]
  ok: element is an 8×8 ZXP block
  ok: one-screen round-trip parses
  ok: one-screen round-trip is identical
  ok: multi-screen round-trip parses
  ok: multi-screen round-trip keeps off-screen placements and unused tiles
  ok: foreign file (LF, bare positions, 16×8 element) parses
  ok: multi-cell element is sliced into per-cell tiles
  ok: transparent * pixels read as paper
  ok: inferred map is at least one screen
  ok: rejects a file without a base picture
  ok: rejects a second base picture
  ok: rejects unknown sections
  ok: rejects a missing [End of file] marker
  ok: accepts base + EOF with no elements
  ok: rejects an element without a position list
  ok: rejects bad position lines
  ok: rejects transparent pixels in the base picture
  ok: rejects the extended (8×1) screen format
  ok: rejects elements that are not cell-multiples
  ok: zxp canExport true in standard_ula
  ok: zxp canExport true in multicolor_8x4
  ok: zxp canExport true in multicolor_8x2
  ok: zxp canExport true in multicolor_8x1
  ok: zxp canExport true in ula_plus
  ok: zxp canExport true in ula_plus_8x1
  ok: zxp canExport false in timex_hires
  ok: zxp canExport false in gigascreen
  ok: zxp canExport false in layer2_256

ALL CHECKS PASSED

1 TEST FILE(S) FAILED
